 
****************************************
Report : constraint
        -all_violators
Design : MMU
Version: Q-2019.12-SP3
Date   : Sat Jun  7 10:02:23 2025
****************************************


   min_delay/hold ('clk' group)

                             Required        Actual
   Endpoint                 Path Delay     Path Delay        Slack
   -----------------------------------------------------------------
   acc_out_reg_0_/next_state
                                0.25           0.23 r        -0.02  (VIOLATED)
   acc_out_reg_1_/next_state
                                0.25           0.23 r        -0.02  (VIOLATED)
   acc_out_reg_2_/next_state
                                0.25           0.23 r        -0.02  (VIOLATED)
   acc_out_reg_3_/next_state
                                0.25           0.23 r        -0.02  (VIOLATED)
   acc_out_reg_4_/next_state
                                0.25           0.23 r        -0.02  (VIOLATED)
   acc_out_reg_5_/next_state
                                0.25           0.23 r        -0.02  (VIOLATED)
   acc_out_reg_6_/next_state
                                0.25           0.23 r        -0.02  (VIOLATED)
   acc_out_reg_7_/next_state
                                0.25           0.23 r        -0.02  (VIOLATED)
   acc_out_reg_8_/next_state
                                0.25           0.23 r        -0.02  (VIOLATED)
   acc_out_reg_9_/next_state
                                0.25           0.23 r        -0.02  (VIOLATED)
   acc_out_reg_10_/next_state
                                0.25           0.23 r        -0.02  (VIOLATED)
   acc_out_reg_11_/next_state
                                0.25           0.23 r        -0.02  (VIOLATED)
   acc_out_reg_12_/next_state
                                0.25           0.23 r        -0.02  (VIOLATED)
   acc_out_reg_13_/next_state
                                0.25           0.23 r        -0.02  (VIOLATED)
   acc_out_reg_14_/next_state
                                0.25           0.23 r        -0.02  (VIOLATED)
   acc_out_reg_15_/next_state
                                0.25           0.23 r        -0.02  (VIOLATED)
   acc_out_reg_16_/next_state
                                0.25           0.23 r        -0.02  (VIOLATED)
   acc_out_reg_17_/next_state
                                0.25           0.23 r        -0.02  (VIOLATED)
   acc_out_reg_18_/next_state
                                0.25           0.23 r        -0.02  (VIOLATED)
   acc_out_reg_19_/next_state
                                0.25           0.23 r        -0.02  (VIOLATED)
   acc_out_reg_20_/next_state
                                0.25           0.23 r        -0.02  (VIOLATED)
   acc_out_reg_21_/next_state
                                0.25           0.23 r        -0.02  (VIOLATED)
   acc_out_reg_22_/next_state
                                0.25           0.23 r        -0.02  (VIOLATED)
   acc_out_reg_23_/next_state
                                0.25           0.23 r        -0.02  (VIOLATED)
   acc_out_reg_24_/next_state
                                0.25           0.23 r        -0.02  (VIOLATED)
   acc_out_reg_25_/next_state
                                0.25           0.23 r        -0.02  (VIOLATED)
   acc_out_reg_26_/next_state
                                0.25           0.23 r        -0.02  (VIOLATED)
   acc_out_reg_27_/next_state
                                0.25           0.23 r        -0.02  (VIOLATED)
   acc_out_reg_28_/next_state
                                0.25           0.23 r        -0.02  (VIOLATED)
   acc_out_reg_29_/next_state
                                0.25           0.23 r        -0.02  (VIOLATED)
   acc_out_reg_30_/next_state
                                0.25           0.23 r        -0.02  (VIOLATED)
   acc_out_reg_31_/next_state
                                0.25           0.23 r        -0.02  (VIOLATED)
   acc_out_reg_32_/next_state
                                0.25           0.23 r        -0.02  (VIOLATED)
   acc_out_reg_33_/next_state
                                0.25           0.23 r        -0.02  (VIOLATED)
   acc_out_reg_34_/next_state
                                0.25           0.23 r        -0.02  (VIOLATED)
   acc_out_reg_35_/next_state
                                0.25           0.23 r        -0.02  (VIOLATED)
   acc_out_reg_36_/next_state
                                0.25           0.23 r        -0.02  (VIOLATED)
   acc_out_reg_37_/next_state
                                0.25           0.23 r        -0.02  (VIOLATED)
   acc_out_reg_38_/next_state
                                0.25           0.23 r        -0.02  (VIOLATED)
   acc_out_reg_39_/next_state
                                0.25           0.23 r        -0.02  (VIOLATED)
   acc_out_reg_40_/next_state
                                0.25           0.23 r        -0.02  (VIOLATED)
   acc_out_reg_41_/next_state
                                0.25           0.23 r        -0.02  (VIOLATED)
   acc_out_reg_42_/next_state
                                0.25           0.23 r        -0.02  (VIOLATED)
   acc_out_reg_43_/next_state
                                0.25           0.23 r        -0.02  (VIOLATED)
   acc_out_reg_44_/next_state
                                0.25           0.23 r        -0.02  (VIOLATED)
   acc_out_reg_45_/next_state
                                0.25           0.23 r        -0.02  (VIOLATED)
   acc_out_reg_46_/next_state
                                0.25           0.23 r        -0.02  (VIOLATED)
   acc_out_reg_47_/next_state
                                0.25           0.23 r        -0.02  (VIOLATED)
   acc_out_reg_48_/next_state
                                0.25           0.23 r        -0.02  (VIOLATED)
   acc_out_reg_49_/next_state
                                0.25           0.23 r        -0.02  (VIOLATED)
   acc_out_reg_50_/next_state
                                0.25           0.23 r        -0.02  (VIOLATED)
   acc_out_reg_51_/next_state
                                0.25           0.23 r        -0.02  (VIOLATED)
   acc_out_reg_52_/next_state
                                0.25           0.23 r        -0.02  (VIOLATED)
   acc_out_reg_53_/next_state
                                0.25           0.23 r        -0.02  (VIOLATED)
   acc_out_reg_54_/next_state
                                0.25           0.23 r        -0.02  (VIOLATED)
   acc_out_reg_55_/next_state
                                0.25           0.23 r        -0.02  (VIOLATED)
   acc_out_reg_56_/next_state
                                0.25           0.23 r        -0.02  (VIOLATED)
   acc_out_reg_57_/next_state
                                0.25           0.23 r        -0.02  (VIOLATED)
   acc_out_reg_58_/next_state
                                0.25           0.23 r        -0.02  (VIOLATED)
   acc_out_reg_59_/next_state
                                0.25           0.23 r        -0.02  (VIOLATED)
   acc_out_reg_60_/next_state
                                0.25           0.23 r        -0.02  (VIOLATED)
   acc_out_reg_61_/next_state
                                0.25           0.23 r        -0.02  (VIOLATED)
   acc_out_reg_62_/next_state
                                0.25           0.23 r        -0.02  (VIOLATED)
   acc_out_reg_63_/next_state
                                0.25           0.23 r        -0.02  (VIOLATED)
   acc_out_reg_64_/next_state
                                0.25           0.23 r        -0.02  (VIOLATED)
   acc_out_reg_65_/next_state
                                0.25           0.23 r        -0.02  (VIOLATED)
   acc_out_reg_66_/next_state
                                0.25           0.23 r        -0.02  (VIOLATED)
   acc_out_reg_67_/next_state
                                0.25           0.23 r        -0.02  (VIOLATED)
   acc_out_reg_68_/next_state
                                0.25           0.23 r        -0.02  (VIOLATED)
   acc_out_reg_69_/next_state
                                0.25           0.23 r        -0.02  (VIOLATED)
   acc_out_reg_70_/next_state
                                0.25           0.23 r        -0.02  (VIOLATED)
   acc_out_reg_71_/next_state
                                0.25           0.23 r        -0.02  (VIOLATED)
   acc_out_reg_72_/next_state
                                0.25           0.23 r        -0.02  (VIOLATED)
   acc_out_reg_73_/next_state
                                0.25           0.23 r        -0.02  (VIOLATED)
   acc_out_reg_74_/next_state
                                0.25           0.23 r        -0.02  (VIOLATED)
   acc_out_reg_75_/next_state
                                0.25           0.23 r        -0.02  (VIOLATED)
   acc_out_reg_76_/next_state
                                0.25           0.23 r        -0.02  (VIOLATED)
   acc_out_reg_77_/next_state
                                0.25           0.23 r        -0.02  (VIOLATED)
   acc_out_reg_78_/next_state
                                0.25           0.23 r        -0.02  (VIOLATED)
   acc_out_reg_79_/next_state
                                0.25           0.23 r        -0.02  (VIOLATED)
   acc_out_reg_80_/next_state
                                0.25           0.23 r        -0.02  (VIOLATED)
   acc_out_reg_81_/next_state
                                0.25           0.23 r        -0.02  (VIOLATED)
   acc_out_reg_82_/next_state
                                0.25           0.23 r        -0.02  (VIOLATED)
   acc_out_reg_83_/next_state
                                0.25           0.23 r        -0.02  (VIOLATED)
   acc_out_reg_84_/next_state
                                0.25           0.23 r        -0.02  (VIOLATED)
   acc_out_reg_85_/next_state
                                0.25           0.23 r        -0.02  (VIOLATED)
   acc_out_reg_86_/next_state
                                0.25           0.23 r        -0.02  (VIOLATED)
   acc_out_reg_87_/next_state
                                0.25           0.23 r        -0.02  (VIOLATED)
   acc_out_reg_88_/next_state
                                0.25           0.23 r        -0.02  (VIOLATED)
   acc_out_reg_89_/next_state
                                0.25           0.23 r        -0.02  (VIOLATED)
   acc_out_reg_90_/next_state
                                0.25           0.23 r        -0.02  (VIOLATED)
   acc_out_reg_91_/next_state
                                0.25           0.23 r        -0.02  (VIOLATED)
   acc_out_reg_92_/next_state
                                0.25           0.23 r        -0.02  (VIOLATED)
   acc_out_reg_93_/next_state
                                0.25           0.23 r        -0.02  (VIOLATED)
   acc_out_reg_94_/next_state
                                0.25           0.23 r        -0.02  (VIOLATED)
   acc_out_reg_95_/next_state
                                0.25           0.23 r        -0.02  (VIOLATED)
   acc_out_reg_96_/next_state
                                0.25           0.23 r        -0.02  (VIOLATED)
   acc_out_reg_97_/next_state
                                0.25           0.23 r        -0.02  (VIOLATED)
   acc_out_reg_98_/next_state
                                0.25           0.23 r        -0.02  (VIOLATED)
   acc_out_reg_99_/next_state
                                0.25           0.23 r        -0.02  (VIOLATED)
   acc_out_reg_100_/next_state
                                0.25           0.23 r        -0.02  (VIOLATED)
   acc_out_reg_101_/next_state
                                0.25           0.23 r        -0.02  (VIOLATED)
   acc_out_reg_102_/next_state
                                0.25           0.23 r        -0.02  (VIOLATED)
   acc_out_reg_103_/next_state
                                0.25           0.23 r        -0.02  (VIOLATED)
   acc_out_reg_104_/next_state
                                0.25           0.23 r        -0.02  (VIOLATED)
   acc_out_reg_105_/next_state
                                0.25           0.23 r        -0.02  (VIOLATED)
   acc_out_reg_106_/next_state
                                0.25           0.23 r        -0.02  (VIOLATED)
   acc_out_reg_107_/next_state
                                0.25           0.23 r        -0.02  (VIOLATED)
   acc_out_reg_108_/next_state
                                0.25           0.23 r        -0.02  (VIOLATED)
   acc_out_reg_109_/next_state
                                0.25           0.23 r        -0.02  (VIOLATED)
   acc_out_reg_110_/next_state
                                0.25           0.23 r        -0.02  (VIOLATED)
   acc_out_reg_111_/next_state
                                0.25           0.23 r        -0.02  (VIOLATED)
   acc_out_reg_112_/next_state
                                0.25           0.23 r        -0.02  (VIOLATED)
   acc_out_reg_113_/next_state
                                0.25           0.23 r        -0.02  (VIOLATED)
   acc_out_reg_114_/next_state
                                0.25           0.23 r        -0.02  (VIOLATED)
   acc_out_reg_115_/next_state
                                0.25           0.23 r        -0.02  (VIOLATED)
   acc_out_reg_116_/next_state
                                0.25           0.23 r        -0.02  (VIOLATED)
   acc_out_reg_117_/next_state
                                0.25           0.23 r        -0.02  (VIOLATED)
   acc_out_reg_118_/next_state
                                0.25           0.23 r        -0.02  (VIOLATED)
   acc_out_reg_119_/next_state
                                0.25           0.23 r        -0.02  (VIOLATED)
   acc_out_reg_120_/next_state
                                0.25           0.23 r        -0.02  (VIOLATED)
   acc_out_reg_121_/next_state
                                0.25           0.23 r        -0.02  (VIOLATED)
   acc_out_reg_122_/next_state
                                0.25           0.23 r        -0.02  (VIOLATED)
   acc_out_reg_123_/next_state
                                0.25           0.23 r        -0.02  (VIOLATED)
   acc_out_reg_124_/next_state
                                0.25           0.23 r        -0.02  (VIOLATED)
   acc_out_reg_125_/next_state
                                0.25           0.23 r        -0.02  (VIOLATED)
   acc_out_reg_126_/next_state
                                0.25           0.23 r        -0.02  (VIOLATED)
   acc_out_reg_127_/next_state
                                0.25           0.23 r        -0.02  (VIOLATED)
   m01/acc_out_reg_0_/next_state
                                0.25           0.23 r        -0.02  (VIOLATED)
   m01/acc_out_reg_1_/next_state
                                0.25           0.23 r        -0.02  (VIOLATED)
   m01/acc_out_reg_2_/next_state
                                0.25           0.23 r        -0.02  (VIOLATED)
   m01/acc_out_reg_3_/next_state
                                0.25           0.23 r        -0.02  (VIOLATED)
   m01/acc_out_reg_4_/next_state
                                0.25           0.23 r        -0.02  (VIOLATED)
   m01/acc_out_reg_5_/next_state
                                0.25           0.23 r        -0.02  (VIOLATED)
   m01/acc_out_reg_6_/next_state
                                0.25           0.23 r        -0.02  (VIOLATED)
   m01/acc_out_reg_7_/next_state
                                0.25           0.23 r        -0.02  (VIOLATED)
   m01/acc_out_reg_8_/next_state
                                0.25           0.23 r        -0.02  (VIOLATED)
   m01/acc_out_reg_9_/next_state
                                0.25           0.23 r        -0.02  (VIOLATED)
   m01/acc_out_reg_10_/next_state
                                0.25           0.23 r        -0.02  (VIOLATED)
   m01/acc_out_reg_11_/next_state
                                0.25           0.23 r        -0.02  (VIOLATED)
   m01/acc_out_reg_12_/next_state
                                0.25           0.23 r        -0.02  (VIOLATED)
   m01/acc_out_reg_13_/next_state
                                0.25           0.23 r        -0.02  (VIOLATED)
   m01/acc_out_reg_14_/next_state
                                0.25           0.23 r        -0.02  (VIOLATED)
   m01/acc_out_reg_15_/next_state
                                0.25           0.23 r        -0.02  (VIOLATED)
   m01/acc_out_reg_16_/next_state
                                0.25           0.23 r        -0.02  (VIOLATED)
   m01/acc_out_reg_17_/next_state
                                0.25           0.23 r        -0.02  (VIOLATED)
   m01/acc_out_reg_18_/next_state
                                0.25           0.23 r        -0.02  (VIOLATED)
   m01/acc_out_reg_19_/next_state
                                0.25           0.23 r        -0.02  (VIOLATED)
   m01/acc_out_reg_20_/next_state
                                0.25           0.23 r        -0.02  (VIOLATED)
   m01/acc_out_reg_21_/next_state
                                0.25           0.23 r        -0.02  (VIOLATED)
   m01/acc_out_reg_22_/next_state
                                0.25           0.23 r        -0.02  (VIOLATED)
   m01/acc_out_reg_23_/next_state
                                0.25           0.23 r        -0.02  (VIOLATED)
   m01/acc_out_reg_24_/next_state
                                0.25           0.23 r        -0.02  (VIOLATED)
   m01/acc_out_reg_25_/next_state
                                0.25           0.23 r        -0.02  (VIOLATED)
   m01/acc_out_reg_26_/next_state
                                0.25           0.23 r        -0.02  (VIOLATED)
   m01/acc_out_reg_27_/next_state
                                0.25           0.23 r        -0.02  (VIOLATED)
   m01/acc_out_reg_28_/next_state
                                0.25           0.23 r        -0.02  (VIOLATED)
   m01/acc_out_reg_29_/next_state
                                0.25           0.23 r        -0.02  (VIOLATED)
   m01/acc_out_reg_30_/next_state
                                0.25           0.23 r        -0.02  (VIOLATED)
   m01/acc_out_reg_31_/next_state
                                0.25           0.23 r        -0.02  (VIOLATED)
   m01/wt_path_out_reg_0_/next_state
                                0.25           0.23 r        -0.02  (VIOLATED)
   m01/wt_path_out_reg_1_/next_state
                                0.25           0.23 r        -0.02  (VIOLATED)
   m01/wt_path_out_reg_2_/next_state
                                0.25           0.23 r        -0.02  (VIOLATED)
   m01/wt_path_out_reg_3_/next_state
                                0.25           0.23 r        -0.02  (VIOLATED)
   m01/wt_path_out_reg_4_/next_state
                                0.25           0.23 r        -0.02  (VIOLATED)
   m01/wt_path_out_reg_5_/next_state
                                0.25           0.23 r        -0.02  (VIOLATED)
   m01/wt_path_out_reg_6_/next_state
                                0.25           0.23 r        -0.02  (VIOLATED)
   m01/wt_path_out_reg_7_/next_state
                                0.25           0.23 r        -0.02  (VIOLATED)
   m02/acc_out_reg_0_/next_state
                                0.25           0.23 r        -0.02  (VIOLATED)
   m02/acc_out_reg_1_/next_state
                                0.25           0.23 r        -0.02  (VIOLATED)
   m02/acc_out_reg_2_/next_state
                                0.25           0.23 r        -0.02  (VIOLATED)
   m02/acc_out_reg_3_/next_state
                                0.25           0.23 r        -0.02  (VIOLATED)
   m02/acc_out_reg_4_/next_state
                                0.25           0.23 r        -0.02  (VIOLATED)
   m02/acc_out_reg_5_/next_state
                                0.25           0.23 r        -0.02  (VIOLATED)
   m02/acc_out_reg_6_/next_state
                                0.25           0.23 r        -0.02  (VIOLATED)
   m02/acc_out_reg_7_/next_state
                                0.25           0.23 r        -0.02  (VIOLATED)
   m02/acc_out_reg_8_/next_state
                                0.25           0.23 r        -0.02  (VIOLATED)
   m02/acc_out_reg_9_/next_state
                                0.25           0.23 r        -0.02  (VIOLATED)
   m02/acc_out_reg_10_/next_state
                                0.25           0.23 r        -0.02  (VIOLATED)
   m02/acc_out_reg_11_/next_state
                                0.25           0.23 r        -0.02  (VIOLATED)
   m02/acc_out_reg_12_/next_state
                                0.25           0.23 r        -0.02  (VIOLATED)
   m02/acc_out_reg_13_/next_state
                                0.25           0.23 r        -0.02  (VIOLATED)
   m02/acc_out_reg_14_/next_state
                                0.25           0.23 r        -0.02  (VIOLATED)
   m02/acc_out_reg_15_/next_state
                                0.25           0.23 r        -0.02  (VIOLATED)
   m02/acc_out_reg_16_/next_state
                                0.25           0.23 r        -0.02  (VIOLATED)
   m02/acc_out_reg_17_/next_state
                                0.25           0.23 r        -0.02  (VIOLATED)
   m02/acc_out_reg_18_/next_state
                                0.25           0.23 r        -0.02  (VIOLATED)
   m02/acc_out_reg_19_/next_state
                                0.25           0.23 r        -0.02  (VIOLATED)
   m02/acc_out_reg_20_/next_state
                                0.25           0.23 r        -0.02  (VIOLATED)
   m02/acc_out_reg_21_/next_state
                                0.25           0.23 r        -0.02  (VIOLATED)
   m02/acc_out_reg_22_/next_state
                                0.25           0.23 r        -0.02  (VIOLATED)
   m02/acc_out_reg_23_/next_state
                                0.25           0.23 r        -0.02  (VIOLATED)
   m02/acc_out_reg_24_/next_state
                                0.25           0.23 r        -0.02  (VIOLATED)
   m02/acc_out_reg_25_/next_state
                                0.25           0.23 r        -0.02  (VIOLATED)
   m02/acc_out_reg_26_/next_state
                                0.25           0.23 r        -0.02  (VIOLATED)
   m02/acc_out_reg_27_/next_state
                                0.25           0.23 r        -0.02  (VIOLATED)
   m02/acc_out_reg_28_/next_state
                                0.25           0.23 r        -0.02  (VIOLATED)
   m02/acc_out_reg_29_/next_state
                                0.25           0.23 r        -0.02  (VIOLATED)
   m02/acc_out_reg_30_/next_state
                                0.25           0.23 r        -0.02  (VIOLATED)
   m02/acc_out_reg_31_/next_state
                                0.25           0.23 r        -0.02  (VIOLATED)
   m02/wt_path_out_reg_0_/next_state
                                0.25           0.23 r        -0.02  (VIOLATED)
   m02/wt_path_out_reg_1_/next_state
                                0.25           0.23 r        -0.02  (VIOLATED)
   m02/wt_path_out_reg_2_/next_state
                                0.25           0.23 r        -0.02  (VIOLATED)
   m02/wt_path_out_reg_3_/next_state
                                0.25           0.23 r        -0.02  (VIOLATED)
   m02/wt_path_out_reg_4_/next_state
                                0.25           0.23 r        -0.02  (VIOLATED)
   m02/wt_path_out_reg_5_/next_state
                                0.25           0.23 r        -0.02  (VIOLATED)
   m02/wt_path_out_reg_6_/next_state
                                0.25           0.23 r        -0.02  (VIOLATED)
   m02/wt_path_out_reg_7_/next_state
                                0.25           0.23 r        -0.02  (VIOLATED)
   m03/acc_out_reg_0_/next_state
                                0.25           0.23 r        -0.02  (VIOLATED)
   m03/acc_out_reg_1_/next_state
                                0.25           0.23 r        -0.02  (VIOLATED)
   m03/acc_out_reg_2_/next_state
                                0.25           0.23 r        -0.02  (VIOLATED)
   m03/acc_out_reg_3_/next_state
                                0.25           0.23 r        -0.02  (VIOLATED)
   m03/acc_out_reg_4_/next_state
                                0.25           0.23 r        -0.02  (VIOLATED)
   m03/acc_out_reg_5_/next_state
                                0.25           0.23 r        -0.02  (VIOLATED)
   m03/acc_out_reg_6_/next_state
                                0.25           0.23 r        -0.02  (VIOLATED)
   m03/acc_out_reg_7_/next_state
                                0.25           0.23 r        -0.02  (VIOLATED)
   m03/acc_out_reg_8_/next_state
                                0.25           0.23 r        -0.02  (VIOLATED)
   m03/acc_out_reg_9_/next_state
                                0.25           0.23 r        -0.02  (VIOLATED)
   m03/acc_out_reg_10_/next_state
                                0.25           0.23 r        -0.02  (VIOLATED)
   m03/acc_out_reg_11_/next_state
                                0.25           0.23 r        -0.02  (VIOLATED)
   m03/acc_out_reg_12_/next_state
                                0.25           0.23 r        -0.02  (VIOLATED)
   m03/acc_out_reg_13_/next_state
                                0.25           0.23 r        -0.02  (VIOLATED)
   m03/acc_out_reg_14_/next_state
                                0.25           0.23 r        -0.02  (VIOLATED)
   m03/acc_out_reg_15_/next_state
                                0.25           0.23 r        -0.02  (VIOLATED)
   m03/acc_out_reg_16_/next_state
                                0.25           0.23 r        -0.02  (VIOLATED)
   m03/acc_out_reg_17_/next_state
                                0.25           0.23 r        -0.02  (VIOLATED)
   m03/acc_out_reg_18_/next_state
                                0.25           0.23 r        -0.02  (VIOLATED)
   m03/acc_out_reg_19_/next_state
                                0.25           0.23 r        -0.02  (VIOLATED)
   m03/acc_out_reg_20_/next_state
                                0.25           0.23 r        -0.02  (VIOLATED)
   m03/acc_out_reg_21_/next_state
                                0.25           0.23 r        -0.02  (VIOLATED)
   m03/acc_out_reg_22_/next_state
                                0.25           0.23 r        -0.02  (VIOLATED)
   m03/acc_out_reg_23_/next_state
                                0.25           0.23 r        -0.02  (VIOLATED)
   m03/acc_out_reg_24_/next_state
                                0.25           0.23 r        -0.02  (VIOLATED)
   m03/acc_out_reg_25_/next_state
                                0.25           0.23 r        -0.02  (VIOLATED)
   m03/acc_out_reg_26_/next_state
                                0.25           0.23 r        -0.02  (VIOLATED)
   m03/acc_out_reg_27_/next_state
                                0.25           0.23 r        -0.02  (VIOLATED)
   m03/acc_out_reg_28_/next_state
                                0.25           0.23 r        -0.02  (VIOLATED)
   m03/acc_out_reg_29_/next_state
                                0.25           0.23 r        -0.02  (VIOLATED)
   m03/acc_out_reg_30_/next_state
                                0.25           0.23 r        -0.02  (VIOLATED)
   m03/acc_out_reg_31_/next_state
                                0.25           0.23 r        -0.02  (VIOLATED)
   m03/wt_path_out_reg_0_/next_state
                                0.25           0.23 r        -0.02  (VIOLATED)
   m03/wt_path_out_reg_1_/next_state
                                0.25           0.23 r        -0.02  (VIOLATED)
   m03/wt_path_out_reg_2_/next_state
                                0.25           0.23 r        -0.02  (VIOLATED)
   m03/wt_path_out_reg_3_/next_state
                                0.25           0.23 r        -0.02  (VIOLATED)
   m03/wt_path_out_reg_4_/next_state
                                0.25           0.23 r        -0.02  (VIOLATED)
   m03/wt_path_out_reg_5_/next_state
                                0.25           0.23 r        -0.02  (VIOLATED)
   m03/wt_path_out_reg_6_/next_state
                                0.25           0.23 r        -0.02  (VIOLATED)
   m03/wt_path_out_reg_7_/next_state
                                0.25           0.23 r        -0.02  (VIOLATED)
   m10/acc_out_reg_0_/next_state
                                0.25           0.23 r        -0.02  (VIOLATED)
   m10/acc_out_reg_1_/next_state
                                0.25           0.23 r        -0.02  (VIOLATED)
   m10/acc_out_reg_2_/next_state
                                0.25           0.23 r        -0.02  (VIOLATED)
   m10/acc_out_reg_3_/next_state
                                0.25           0.23 r        -0.02  (VIOLATED)
   m10/acc_out_reg_4_/next_state
                                0.25           0.23 r        -0.02  (VIOLATED)
   m10/acc_out_reg_5_/next_state
                                0.25           0.23 r        -0.02  (VIOLATED)
   m10/acc_out_reg_6_/next_state
                                0.25           0.23 r        -0.02  (VIOLATED)
   m10/acc_out_reg_7_/next_state
                                0.25           0.23 r        -0.02  (VIOLATED)
   m10/acc_out_reg_8_/next_state
                                0.25           0.23 r        -0.02  (VIOLATED)
   m10/acc_out_reg_9_/next_state
                                0.25           0.23 r        -0.02  (VIOLATED)
   m10/acc_out_reg_10_/next_state
                                0.25           0.23 r        -0.02  (VIOLATED)
   m10/acc_out_reg_11_/next_state
                                0.25           0.23 r        -0.02  (VIOLATED)
   m10/acc_out_reg_12_/next_state
                                0.25           0.23 r        -0.02  (VIOLATED)
   m10/acc_out_reg_13_/next_state
                                0.25           0.23 r        -0.02  (VIOLATED)
   m10/acc_out_reg_14_/next_state
                                0.25           0.23 r        -0.02  (VIOLATED)
   m10/acc_out_reg_15_/next_state
                                0.25           0.23 r        -0.02  (VIOLATED)
   m10/data_out_reg_0_/next_state
                                0.25           0.23 r        -0.02  (VIOLATED)
   m10/data_out_reg_1_/next_state
                                0.25           0.23 r        -0.02  (VIOLATED)
   m10/data_out_reg_2_/next_state
                                0.25           0.23 r        -0.02  (VIOLATED)
   m10/data_out_reg_3_/next_state
                                0.25           0.23 r        -0.02  (VIOLATED)
   m10/data_out_reg_4_/next_state
                                0.25           0.23 r        -0.02  (VIOLATED)
   m10/data_out_reg_5_/next_state
                                0.25           0.23 r        -0.02  (VIOLATED)
   m10/data_out_reg_6_/next_state
                                0.25           0.23 r        -0.02  (VIOLATED)
   m10/data_out_reg_7_/next_state
                                0.25           0.23 r        -0.02  (VIOLATED)
   m11/acc_out_reg_0_/next_state
                                0.25           0.23 r        -0.02  (VIOLATED)
   m11/acc_out_reg_1_/next_state
                                0.25           0.23 r        -0.02  (VIOLATED)
   m11/acc_out_reg_2_/next_state
                                0.25           0.23 r        -0.02  (VIOLATED)
   m11/acc_out_reg_3_/next_state
                                0.25           0.23 r        -0.02  (VIOLATED)
   m11/acc_out_reg_4_/next_state
                                0.25           0.23 r        -0.02  (VIOLATED)
   m11/acc_out_reg_5_/next_state
                                0.25           0.23 r        -0.02  (VIOLATED)
   m11/acc_out_reg_6_/next_state
                                0.25           0.23 r        -0.02  (VIOLATED)
   m11/acc_out_reg_7_/next_state
                                0.25           0.23 r        -0.02  (VIOLATED)
   m11/acc_out_reg_8_/next_state
                                0.25           0.23 r        -0.02  (VIOLATED)
   m11/acc_out_reg_9_/next_state
                                0.25           0.23 r        -0.02  (VIOLATED)
   m11/acc_out_reg_10_/next_state
                                0.25           0.23 r        -0.02  (VIOLATED)
   m11/acc_out_reg_11_/next_state
                                0.25           0.23 r        -0.02  (VIOLATED)
   m11/acc_out_reg_12_/next_state
                                0.25           0.23 r        -0.02  (VIOLATED)
   m11/acc_out_reg_13_/next_state
                                0.25           0.23 r        -0.02  (VIOLATED)
   m11/acc_out_reg_14_/next_state
                                0.25           0.23 r        -0.02  (VIOLATED)
   m11/acc_out_reg_15_/next_state
                                0.25           0.23 r        -0.02  (VIOLATED)
   m11/acc_out_reg_16_/next_state
                                0.25           0.23 r        -0.02  (VIOLATED)
   m11/acc_out_reg_17_/next_state
                                0.25           0.23 r        -0.02  (VIOLATED)
   m11/acc_out_reg_18_/next_state
                                0.25           0.23 r        -0.02  (VIOLATED)
   m11/acc_out_reg_19_/next_state
                                0.25           0.23 r        -0.02  (VIOLATED)
   m11/acc_out_reg_20_/next_state
                                0.25           0.23 r        -0.02  (VIOLATED)
   m11/acc_out_reg_21_/next_state
                                0.25           0.23 r        -0.02  (VIOLATED)
   m11/acc_out_reg_22_/next_state
                                0.25           0.23 r        -0.02  (VIOLATED)
   m11/acc_out_reg_23_/next_state
                                0.25           0.23 r        -0.02  (VIOLATED)
   m11/acc_out_reg_24_/next_state
                                0.25           0.23 r        -0.02  (VIOLATED)
   m11/acc_out_reg_25_/next_state
                                0.25           0.23 r        -0.02  (VIOLATED)
   m11/acc_out_reg_26_/next_state
                                0.25           0.23 r        -0.02  (VIOLATED)
   m11/acc_out_reg_27_/next_state
                                0.25           0.23 r        -0.02  (VIOLATED)
   m11/acc_out_reg_28_/next_state
                                0.25           0.23 r        -0.02  (VIOLATED)
   m11/acc_out_reg_29_/next_state
                                0.25           0.23 r        -0.02  (VIOLATED)
   m11/acc_out_reg_30_/next_state
                                0.25           0.23 r        -0.02  (VIOLATED)
   m11/acc_out_reg_31_/next_state
                                0.25           0.23 r        -0.02  (VIOLATED)
   m11/data_out_reg_0_/next_state
                                0.25           0.23 r        -0.02  (VIOLATED)
   m11/data_out_reg_1_/next_state
                                0.25           0.23 r        -0.02  (VIOLATED)
   m11/data_out_reg_2_/next_state
                                0.25           0.23 r        -0.02  (VIOLATED)
   m11/data_out_reg_3_/next_state
                                0.25           0.23 r        -0.02  (VIOLATED)
   m11/data_out_reg_4_/next_state
                                0.25           0.23 r        -0.02  (VIOLATED)
   m11/data_out_reg_5_/next_state
                                0.25           0.23 r        -0.02  (VIOLATED)
   m11/data_out_reg_6_/next_state
                                0.25           0.23 r        -0.02  (VIOLATED)
   m11/data_out_reg_7_/next_state
                                0.25           0.23 r        -0.02  (VIOLATED)
   m11/wt_path_out_reg_0_/next_state
                                0.25           0.23 r        -0.02  (VIOLATED)
   m11/wt_path_out_reg_1_/next_state
                                0.25           0.23 r        -0.02  (VIOLATED)
   m11/wt_path_out_reg_2_/next_state
                                0.25           0.23 r        -0.02  (VIOLATED)
   m11/wt_path_out_reg_3_/next_state
                                0.25           0.23 r        -0.02  (VIOLATED)
   m11/wt_path_out_reg_4_/next_state
                                0.25           0.23 r        -0.02  (VIOLATED)
   m11/wt_path_out_reg_5_/next_state
                                0.25           0.23 r        -0.02  (VIOLATED)
   m11/wt_path_out_reg_6_/next_state
                                0.25           0.23 r        -0.02  (VIOLATED)
   m11/wt_path_out_reg_7_/next_state
                                0.25           0.23 r        -0.02  (VIOLATED)
   m12/acc_out_reg_0_/next_state
                                0.25           0.23 r        -0.02  (VIOLATED)
   m12/acc_out_reg_1_/next_state
                                0.25           0.23 r        -0.02  (VIOLATED)
   m12/acc_out_reg_2_/next_state
                                0.25           0.23 r        -0.02  (VIOLATED)
   m12/acc_out_reg_3_/next_state
                                0.25           0.23 r        -0.02  (VIOLATED)
   m12/acc_out_reg_4_/next_state
                                0.25           0.23 r        -0.02  (VIOLATED)
   m12/acc_out_reg_5_/next_state
                                0.25           0.23 r        -0.02  (VIOLATED)
   m12/acc_out_reg_6_/next_state
                                0.25           0.23 r        -0.02  (VIOLATED)
   m12/acc_out_reg_7_/next_state
                                0.25           0.23 r        -0.02  (VIOLATED)
   m12/acc_out_reg_8_/next_state
                                0.25           0.23 r        -0.02  (VIOLATED)
   m12/acc_out_reg_9_/next_state
                                0.25           0.23 r        -0.02  (VIOLATED)
   m12/acc_out_reg_10_/next_state
                                0.25           0.23 r        -0.02  (VIOLATED)
   m12/acc_out_reg_11_/next_state
                                0.25           0.23 r        -0.02  (VIOLATED)
   m12/acc_out_reg_12_/next_state
                                0.25           0.23 r        -0.02  (VIOLATED)
   m12/acc_out_reg_13_/next_state
                                0.25           0.23 r        -0.02  (VIOLATED)
   m12/acc_out_reg_14_/next_state
                                0.25           0.23 r        -0.02  (VIOLATED)
   m12/acc_out_reg_15_/next_state
                                0.25           0.23 r        -0.02  (VIOLATED)
   m12/acc_out_reg_16_/next_state
                                0.25           0.23 r        -0.02  (VIOLATED)
   m12/acc_out_reg_17_/next_state
                                0.25           0.23 r        -0.02  (VIOLATED)
   m12/acc_out_reg_18_/next_state
                                0.25           0.23 r        -0.02  (VIOLATED)
   m12/acc_out_reg_19_/next_state
                                0.25           0.23 r        -0.02  (VIOLATED)
   m12/acc_out_reg_20_/next_state
                                0.25           0.23 r        -0.02  (VIOLATED)
   m12/acc_out_reg_21_/next_state
                                0.25           0.23 r        -0.02  (VIOLATED)
   m12/acc_out_reg_22_/next_state
                                0.25           0.23 r        -0.02  (VIOLATED)
   m12/acc_out_reg_23_/next_state
                                0.25           0.23 r        -0.02  (VIOLATED)
   m12/acc_out_reg_24_/next_state
                                0.25           0.23 r        -0.02  (VIOLATED)
   m12/acc_out_reg_25_/next_state
                                0.25           0.23 r        -0.02  (VIOLATED)
   m12/acc_out_reg_26_/next_state
                                0.25           0.23 r        -0.02  (VIOLATED)
   m12/acc_out_reg_27_/next_state
                                0.25           0.23 r        -0.02  (VIOLATED)
   m12/acc_out_reg_28_/next_state
                                0.25           0.23 r        -0.02  (VIOLATED)
   m12/acc_out_reg_29_/next_state
                                0.25           0.23 r        -0.02  (VIOLATED)
   m12/acc_out_reg_30_/next_state
                                0.25           0.23 r        -0.02  (VIOLATED)
   m12/acc_out_reg_31_/next_state
                                0.25           0.23 r        -0.02  (VIOLATED)
   m12/data_out_reg_0_/next_state
                                0.25           0.23 r        -0.02  (VIOLATED)
   m12/data_out_reg_1_/next_state
                                0.25           0.23 r        -0.02  (VIOLATED)
   m12/data_out_reg_2_/next_state
                                0.25           0.23 r        -0.02  (VIOLATED)
   m12/data_out_reg_3_/next_state
                                0.25           0.23 r        -0.02  (VIOLATED)
   m12/data_out_reg_4_/next_state
                                0.25           0.23 r        -0.02  (VIOLATED)
   m12/data_out_reg_5_/next_state
                                0.25           0.23 r        -0.02  (VIOLATED)
   m12/data_out_reg_6_/next_state
                                0.25           0.23 r        -0.02  (VIOLATED)
   m12/data_out_reg_7_/next_state
                                0.25           0.23 r        -0.02  (VIOLATED)
   m12/wt_path_out_reg_0_/next_state
                                0.25           0.23 r        -0.02  (VIOLATED)
   m12/wt_path_out_reg_1_/next_state
                                0.25           0.23 r        -0.02  (VIOLATED)
   m12/wt_path_out_reg_2_/next_state
                                0.25           0.23 r        -0.02  (VIOLATED)
   m12/wt_path_out_reg_3_/next_state
                                0.25           0.23 r        -0.02  (VIOLATED)
   m12/wt_path_out_reg_4_/next_state
                                0.25           0.23 r        -0.02  (VIOLATED)
   m12/wt_path_out_reg_5_/next_state
                                0.25           0.23 r        -0.02  (VIOLATED)
   m12/wt_path_out_reg_6_/next_state
                                0.25           0.23 r        -0.02  (VIOLATED)
   m12/wt_path_out_reg_7_/next_state
                                0.25           0.23 r        -0.02  (VIOLATED)
   m13/acc_out_reg_0_/next_state
                                0.25           0.23 r        -0.02  (VIOLATED)
   m13/acc_out_reg_1_/next_state
                                0.25           0.23 r        -0.02  (VIOLATED)
   m13/acc_out_reg_2_/next_state
                                0.25           0.23 r        -0.02  (VIOLATED)
   m13/acc_out_reg_3_/next_state
                                0.25           0.23 r        -0.02  (VIOLATED)
   m13/acc_out_reg_4_/next_state
                                0.25           0.23 r        -0.02  (VIOLATED)
   m13/acc_out_reg_5_/next_state
                                0.25           0.23 r        -0.02  (VIOLATED)
   m13/acc_out_reg_6_/next_state
                                0.25           0.23 r        -0.02  (VIOLATED)
   m13/acc_out_reg_7_/next_state
                                0.25           0.23 r        -0.02  (VIOLATED)
   m13/acc_out_reg_8_/next_state
                                0.25           0.23 r        -0.02  (VIOLATED)
   m13/acc_out_reg_9_/next_state
                                0.25           0.23 r        -0.02  (VIOLATED)
   m13/acc_out_reg_10_/next_state
                                0.25           0.23 r        -0.02  (VIOLATED)
   m13/acc_out_reg_11_/next_state
                                0.25           0.23 r        -0.02  (VIOLATED)
   m13/acc_out_reg_12_/next_state
                                0.25           0.23 r        -0.02  (VIOLATED)
   m13/acc_out_reg_13_/next_state
                                0.25           0.23 r        -0.02  (VIOLATED)
   m13/acc_out_reg_14_/next_state
                                0.25           0.23 r        -0.02  (VIOLATED)
   m13/acc_out_reg_15_/next_state
                                0.25           0.23 r        -0.02  (VIOLATED)
   m13/acc_out_reg_16_/next_state
                                0.25           0.23 r        -0.02  (VIOLATED)
   m13/acc_out_reg_17_/next_state
                                0.25           0.23 r        -0.02  (VIOLATED)
   m13/acc_out_reg_18_/next_state
                                0.25           0.23 r        -0.02  (VIOLATED)
   m13/acc_out_reg_19_/next_state
                                0.25           0.23 r        -0.02  (VIOLATED)
   m13/acc_out_reg_20_/next_state
                                0.25           0.23 r        -0.02  (VIOLATED)
   m13/acc_out_reg_21_/next_state
                                0.25           0.23 r        -0.02  (VIOLATED)
   m13/acc_out_reg_22_/next_state
                                0.25           0.23 r        -0.02  (VIOLATED)
   m13/acc_out_reg_23_/next_state
                                0.25           0.23 r        -0.02  (VIOLATED)
   m13/acc_out_reg_24_/next_state
                                0.25           0.23 r        -0.02  (VIOLATED)
   m13/acc_out_reg_25_/next_state
                                0.25           0.23 r        -0.02  (VIOLATED)
   m13/acc_out_reg_26_/next_state
                                0.25           0.23 r        -0.02  (VIOLATED)
   m13/acc_out_reg_27_/next_state
                                0.25           0.23 r        -0.02  (VIOLATED)
   m13/acc_out_reg_28_/next_state
                                0.25           0.23 r        -0.02  (VIOLATED)
   m13/acc_out_reg_29_/next_state
                                0.25           0.23 r        -0.02  (VIOLATED)
   m13/acc_out_reg_30_/next_state
                                0.25           0.23 r        -0.02  (VIOLATED)
   m13/acc_out_reg_31_/next_state
                                0.25           0.23 r        -0.02  (VIOLATED)
   m13/data_out_reg_0_/next_state
                                0.25           0.23 r        -0.02  (VIOLATED)
   m13/data_out_reg_1_/next_state
                                0.25           0.23 r        -0.02  (VIOLATED)
   m13/data_out_reg_2_/next_state
                                0.25           0.23 r        -0.02  (VIOLATED)
   m13/data_out_reg_3_/next_state
                                0.25           0.23 r        -0.02  (VIOLATED)
   m13/data_out_reg_4_/next_state
                                0.25           0.23 r        -0.02  (VIOLATED)
   m13/data_out_reg_5_/next_state
                                0.25           0.23 r        -0.02  (VIOLATED)
   m13/data_out_reg_6_/next_state
                                0.25           0.23 r        -0.02  (VIOLATED)
   m13/data_out_reg_7_/next_state
                                0.25           0.23 r        -0.02  (VIOLATED)
   m13/wt_path_out_reg_0_/next_state
                                0.25           0.23 r        -0.02  (VIOLATED)
   m13/wt_path_out_reg_1_/next_state
                                0.25           0.23 r        -0.02  (VIOLATED)
   m13/wt_path_out_reg_2_/next_state
                                0.25           0.23 r        -0.02  (VIOLATED)
   m13/wt_path_out_reg_3_/next_state
                                0.25           0.23 r        -0.02  (VIOLATED)
   m13/wt_path_out_reg_4_/next_state
                                0.25           0.23 r        -0.02  (VIOLATED)
   m13/wt_path_out_reg_5_/next_state
                                0.25           0.23 r        -0.02  (VIOLATED)
   m13/wt_path_out_reg_6_/next_state
                                0.25           0.23 r        -0.02  (VIOLATED)
   m13/wt_path_out_reg_7_/next_state
                                0.25           0.23 r        -0.02  (VIOLATED)
   m20/acc_out_reg_0_/next_state
                                0.25           0.23 r        -0.02  (VIOLATED)
   m20/acc_out_reg_1_/next_state
                                0.25           0.23 r        -0.02  (VIOLATED)
   m20/acc_out_reg_2_/next_state
                                0.25           0.23 r        -0.02  (VIOLATED)
   m20/acc_out_reg_3_/next_state
                                0.25           0.23 r        -0.02  (VIOLATED)
   m20/acc_out_reg_4_/next_state
                                0.25           0.23 r        -0.02  (VIOLATED)
   m20/acc_out_reg_5_/next_state
                                0.25           0.23 r        -0.02  (VIOLATED)
   m20/acc_out_reg_6_/next_state
                                0.25           0.23 r        -0.02  (VIOLATED)
   m20/acc_out_reg_7_/next_state
                                0.25           0.23 r        -0.02  (VIOLATED)
   m20/acc_out_reg_8_/next_state
                                0.25           0.23 r        -0.02  (VIOLATED)
   m20/acc_out_reg_9_/next_state
                                0.25           0.23 r        -0.02  (VIOLATED)
   m20/acc_out_reg_10_/next_state
                                0.25           0.23 r        -0.02  (VIOLATED)
   m20/acc_out_reg_11_/next_state
                                0.25           0.23 r        -0.02  (VIOLATED)
   m20/acc_out_reg_12_/next_state
                                0.25           0.23 r        -0.02  (VIOLATED)
   m20/acc_out_reg_13_/next_state
                                0.25           0.23 r        -0.02  (VIOLATED)
   m20/acc_out_reg_14_/next_state
                                0.25           0.23 r        -0.02  (VIOLATED)
   m20/acc_out_reg_15_/next_state
                                0.25           0.23 r        -0.02  (VIOLATED)
   m20/data_out_reg_0_/next_state
                                0.25           0.23 r        -0.02  (VIOLATED)
   m20/data_out_reg_1_/next_state
                                0.25           0.23 r        -0.02  (VIOLATED)
   m20/data_out_reg_2_/next_state
                                0.25           0.23 r        -0.02  (VIOLATED)
   m20/data_out_reg_3_/next_state
                                0.25           0.23 r        -0.02  (VIOLATED)
   m20/data_out_reg_4_/next_state
                                0.25           0.23 r        -0.02  (VIOLATED)
   m20/data_out_reg_5_/next_state
                                0.25           0.23 r        -0.02  (VIOLATED)
   m20/data_out_reg_6_/next_state
                                0.25           0.23 r        -0.02  (VIOLATED)
   m20/data_out_reg_7_/next_state
                                0.25           0.23 r        -0.02  (VIOLATED)
   m21/acc_out_reg_0_/next_state
                                0.25           0.23 r        -0.02  (VIOLATED)
   m21/acc_out_reg_1_/next_state
                                0.25           0.23 r        -0.02  (VIOLATED)
   m21/acc_out_reg_2_/next_state
                                0.25           0.23 r        -0.02  (VIOLATED)
   m21/acc_out_reg_3_/next_state
                                0.25           0.23 r        -0.02  (VIOLATED)
   m21/acc_out_reg_4_/next_state
                                0.25           0.23 r        -0.02  (VIOLATED)
   m21/acc_out_reg_5_/next_state
                                0.25           0.23 r        -0.02  (VIOLATED)
   m21/acc_out_reg_6_/next_state
                                0.25           0.23 r        -0.02  (VIOLATED)
   m21/acc_out_reg_7_/next_state
                                0.25           0.23 r        -0.02  (VIOLATED)
   m21/acc_out_reg_8_/next_state
                                0.25           0.23 r        -0.02  (VIOLATED)
   m21/acc_out_reg_9_/next_state
                                0.25           0.23 r        -0.02  (VIOLATED)
   m21/acc_out_reg_10_/next_state
                                0.25           0.23 r        -0.02  (VIOLATED)
   m21/acc_out_reg_11_/next_state
                                0.25           0.23 r        -0.02  (VIOLATED)
   m21/acc_out_reg_12_/next_state
                                0.25           0.23 r        -0.02  (VIOLATED)
   m21/acc_out_reg_13_/next_state
                                0.25           0.23 r        -0.02  (VIOLATED)
   m21/acc_out_reg_14_/next_state
                                0.25           0.23 r        -0.02  (VIOLATED)
   m21/acc_out_reg_15_/next_state
                                0.25           0.23 r        -0.02  (VIOLATED)
   m21/acc_out_reg_16_/next_state
                                0.25           0.23 r        -0.02  (VIOLATED)
   m21/acc_out_reg_17_/next_state
                                0.25           0.23 r        -0.02  (VIOLATED)
   m21/acc_out_reg_18_/next_state
                                0.25           0.23 r        -0.02  (VIOLATED)
   m21/acc_out_reg_19_/next_state
                                0.25           0.23 r        -0.02  (VIOLATED)
   m21/acc_out_reg_20_/next_state
                                0.25           0.23 r        -0.02  (VIOLATED)
   m21/acc_out_reg_21_/next_state
                                0.25           0.23 r        -0.02  (VIOLATED)
   m21/acc_out_reg_22_/next_state
                                0.25           0.23 r        -0.02  (VIOLATED)
   m21/acc_out_reg_23_/next_state
                                0.25           0.23 r        -0.02  (VIOLATED)
   m21/acc_out_reg_24_/next_state
                                0.25           0.23 r        -0.02  (VIOLATED)
   m21/acc_out_reg_25_/next_state
                                0.25           0.23 r        -0.02  (VIOLATED)
   m21/acc_out_reg_26_/next_state
                                0.25           0.23 r        -0.02  (VIOLATED)
   m21/acc_out_reg_27_/next_state
                                0.25           0.23 r        -0.02  (VIOLATED)
   m21/acc_out_reg_28_/next_state
                                0.25           0.23 r        -0.02  (VIOLATED)
   m21/acc_out_reg_29_/next_state
                                0.25           0.23 r        -0.02  (VIOLATED)
   m21/acc_out_reg_30_/next_state
                                0.25           0.23 r        -0.02  (VIOLATED)
   m21/acc_out_reg_31_/next_state
                                0.25           0.23 r        -0.02  (VIOLATED)
   m21/data_out_reg_0_/next_state
                                0.25           0.23 r        -0.02  (VIOLATED)
   m21/data_out_reg_1_/next_state
                                0.25           0.23 r        -0.02  (VIOLATED)
   m21/data_out_reg_2_/next_state
                                0.25           0.23 r        -0.02  (VIOLATED)
   m21/data_out_reg_3_/next_state
                                0.25           0.23 r        -0.02  (VIOLATED)
   m21/data_out_reg_4_/next_state
                                0.25           0.23 r        -0.02  (VIOLATED)
   m21/data_out_reg_5_/next_state
                                0.25           0.23 r        -0.02  (VIOLATED)
   m21/data_out_reg_6_/next_state
                                0.25           0.23 r        -0.02  (VIOLATED)
   m21/data_out_reg_7_/next_state
                                0.25           0.23 r        -0.02  (VIOLATED)
   m21/wt_path_out_reg_0_/next_state
                                0.25           0.23 r        -0.02  (VIOLATED)
   m21/wt_path_out_reg_1_/next_state
                                0.25           0.23 r        -0.02  (VIOLATED)
   m21/wt_path_out_reg_2_/next_state
                                0.25           0.23 r        -0.02  (VIOLATED)
   m21/wt_path_out_reg_3_/next_state
                                0.25           0.23 r        -0.02  (VIOLATED)
   m21/wt_path_out_reg_4_/next_state
                                0.25           0.23 r        -0.02  (VIOLATED)
   m21/wt_path_out_reg_5_/next_state
                                0.25           0.23 r        -0.02  (VIOLATED)
   m21/wt_path_out_reg_6_/next_state
                                0.25           0.23 r        -0.02  (VIOLATED)
   m21/wt_path_out_reg_7_/next_state
                                0.25           0.23 r        -0.02  (VIOLATED)
   m22/acc_out_reg_0_/next_state
                                0.25           0.23 r        -0.02  (VIOLATED)
   m22/acc_out_reg_1_/next_state
                                0.25           0.23 r        -0.02  (VIOLATED)
   m22/acc_out_reg_2_/next_state
                                0.25           0.23 r        -0.02  (VIOLATED)
   m22/acc_out_reg_3_/next_state
                                0.25           0.23 r        -0.02  (VIOLATED)
   m22/acc_out_reg_4_/next_state
                                0.25           0.23 r        -0.02  (VIOLATED)
   m22/acc_out_reg_5_/next_state
                                0.25           0.23 r        -0.02  (VIOLATED)
   m22/acc_out_reg_6_/next_state
                                0.25           0.23 r        -0.02  (VIOLATED)
   m22/acc_out_reg_7_/next_state
                                0.25           0.23 r        -0.02  (VIOLATED)
   m22/acc_out_reg_8_/next_state
                                0.25           0.23 r        -0.02  (VIOLATED)
   m22/acc_out_reg_9_/next_state
                                0.25           0.23 r        -0.02  (VIOLATED)
   m22/acc_out_reg_10_/next_state
                                0.25           0.23 r        -0.02  (VIOLATED)
   m22/acc_out_reg_11_/next_state
                                0.25           0.23 r        -0.02  (VIOLATED)
   m22/acc_out_reg_12_/next_state
                                0.25           0.23 r        -0.02  (VIOLATED)
   m22/acc_out_reg_13_/next_state
                                0.25           0.23 r        -0.02  (VIOLATED)
   m22/acc_out_reg_14_/next_state
                                0.25           0.23 r        -0.02  (VIOLATED)
   m22/acc_out_reg_15_/next_state
                                0.25           0.23 r        -0.02  (VIOLATED)
   m22/acc_out_reg_16_/next_state
                                0.25           0.23 r        -0.02  (VIOLATED)
   m22/acc_out_reg_17_/next_state
                                0.25           0.23 r        -0.02  (VIOLATED)
   m22/acc_out_reg_18_/next_state
                                0.25           0.23 r        -0.02  (VIOLATED)
   m22/acc_out_reg_19_/next_state
                                0.25           0.23 r        -0.02  (VIOLATED)
   m22/acc_out_reg_20_/next_state
                                0.25           0.23 r        -0.02  (VIOLATED)
   m22/acc_out_reg_21_/next_state
                                0.25           0.23 r        -0.02  (VIOLATED)
   m22/acc_out_reg_22_/next_state
                                0.25           0.23 r        -0.02  (VIOLATED)
   m22/acc_out_reg_23_/next_state
                                0.25           0.23 r        -0.02  (VIOLATED)
   m22/acc_out_reg_24_/next_state
                                0.25           0.23 r        -0.02  (VIOLATED)
   m22/acc_out_reg_25_/next_state
                                0.25           0.23 r        -0.02  (VIOLATED)
   m22/acc_out_reg_26_/next_state
                                0.25           0.23 r        -0.02  (VIOLATED)
   m22/acc_out_reg_27_/next_state
                                0.25           0.23 r        -0.02  (VIOLATED)
   m22/acc_out_reg_28_/next_state
                                0.25           0.23 r        -0.02  (VIOLATED)
   m22/acc_out_reg_29_/next_state
                                0.25           0.23 r        -0.02  (VIOLATED)
   m22/acc_out_reg_30_/next_state
                                0.25           0.23 r        -0.02  (VIOLATED)
   m22/acc_out_reg_31_/next_state
                                0.25           0.23 r        -0.02  (VIOLATED)
   m22/data_out_reg_0_/next_state
                                0.25           0.23 r        -0.02  (VIOLATED)
   m22/data_out_reg_1_/next_state
                                0.25           0.23 r        -0.02  (VIOLATED)
   m22/data_out_reg_2_/next_state
                                0.25           0.23 r        -0.02  (VIOLATED)
   m22/data_out_reg_3_/next_state
                                0.25           0.23 r        -0.02  (VIOLATED)
   m22/data_out_reg_4_/next_state
                                0.25           0.23 r        -0.02  (VIOLATED)
   m22/data_out_reg_5_/next_state
                                0.25           0.23 r        -0.02  (VIOLATED)
   m22/data_out_reg_6_/next_state
                                0.25           0.23 r        -0.02  (VIOLATED)
   m22/data_out_reg_7_/next_state
                                0.25           0.23 r        -0.02  (VIOLATED)
   m22/wt_path_out_reg_0_/next_state
                                0.25           0.23 r        -0.02  (VIOLATED)
   m22/wt_path_out_reg_1_/next_state
                                0.25           0.23 r        -0.02  (VIOLATED)
   m22/wt_path_out_reg_2_/next_state
                                0.25           0.23 r        -0.02  (VIOLATED)
   m22/wt_path_out_reg_3_/next_state
                                0.25           0.23 r        -0.02  (VIOLATED)
   m22/wt_path_out_reg_4_/next_state
                                0.25           0.23 r        -0.02  (VIOLATED)
   m22/wt_path_out_reg_5_/next_state
                                0.25           0.23 r        -0.02  (VIOLATED)
   m22/wt_path_out_reg_6_/next_state
                                0.25           0.23 r        -0.02  (VIOLATED)
   m22/wt_path_out_reg_7_/next_state
                                0.25           0.23 r        -0.02  (VIOLATED)
   m23/acc_out_reg_0_/next_state
                                0.25           0.23 r        -0.02  (VIOLATED)
   m23/acc_out_reg_1_/next_state
                                0.25           0.23 r        -0.02  (VIOLATED)
   m23/acc_out_reg_2_/next_state
                                0.25           0.23 r        -0.02  (VIOLATED)
   m23/acc_out_reg_3_/next_state
                                0.25           0.23 r        -0.02  (VIOLATED)
   m23/acc_out_reg_4_/next_state
                                0.25           0.23 r        -0.02  (VIOLATED)
   m23/acc_out_reg_5_/next_state
                                0.25           0.23 r        -0.02  (VIOLATED)
   m23/acc_out_reg_6_/next_state
                                0.25           0.23 r        -0.02  (VIOLATED)
   m23/acc_out_reg_7_/next_state
                                0.25           0.23 r        -0.02  (VIOLATED)
   m23/acc_out_reg_8_/next_state
                                0.25           0.23 r        -0.02  (VIOLATED)
   m23/acc_out_reg_9_/next_state
                                0.25           0.23 r        -0.02  (VIOLATED)
   m23/acc_out_reg_10_/next_state
                                0.25           0.23 r        -0.02  (VIOLATED)
   m23/acc_out_reg_11_/next_state
                                0.25           0.23 r        -0.02  (VIOLATED)
   m23/acc_out_reg_12_/next_state
                                0.25           0.23 r        -0.02  (VIOLATED)
   m23/acc_out_reg_13_/next_state
                                0.25           0.23 r        -0.02  (VIOLATED)
   m23/acc_out_reg_14_/next_state
                                0.25           0.23 r        -0.02  (VIOLATED)
   m23/acc_out_reg_15_/next_state
                                0.25           0.23 r        -0.02  (VIOLATED)
   m23/acc_out_reg_16_/next_state
                                0.25           0.23 r        -0.02  (VIOLATED)
   m23/acc_out_reg_17_/next_state
                                0.25           0.23 r        -0.02  (VIOLATED)
   m23/acc_out_reg_18_/next_state
                                0.25           0.23 r        -0.02  (VIOLATED)
   m23/acc_out_reg_19_/next_state
                                0.25           0.23 r        -0.02  (VIOLATED)
   m23/acc_out_reg_20_/next_state
                                0.25           0.23 r        -0.02  (VIOLATED)
   m23/acc_out_reg_21_/next_state
                                0.25           0.23 r        -0.02  (VIOLATED)
   m23/acc_out_reg_22_/next_state
                                0.25           0.23 r        -0.02  (VIOLATED)
   m23/acc_out_reg_23_/next_state
                                0.25           0.23 r        -0.02  (VIOLATED)
   m23/acc_out_reg_24_/next_state
                                0.25           0.23 r        -0.02  (VIOLATED)
   m23/acc_out_reg_25_/next_state
                                0.25           0.23 r        -0.02  (VIOLATED)
   m23/acc_out_reg_26_/next_state
                                0.25           0.23 r        -0.02  (VIOLATED)
   m23/acc_out_reg_27_/next_state
                                0.25           0.23 r        -0.02  (VIOLATED)
   m23/acc_out_reg_28_/next_state
                                0.25           0.23 r        -0.02  (VIOLATED)
   m23/acc_out_reg_29_/next_state
                                0.25           0.23 r        -0.02  (VIOLATED)
   m23/acc_out_reg_30_/next_state
                                0.25           0.23 r        -0.02  (VIOLATED)
   m23/acc_out_reg_31_/next_state
                                0.25           0.23 r        -0.02  (VIOLATED)
   m23/data_out_reg_0_/next_state
                                0.25           0.23 r        -0.02  (VIOLATED)
   m23/data_out_reg_1_/next_state
                                0.25           0.23 r        -0.02  (VIOLATED)
   m23/data_out_reg_2_/next_state
                                0.25           0.23 r        -0.02  (VIOLATED)
   m23/data_out_reg_3_/next_state
                                0.25           0.23 r        -0.02  (VIOLATED)
   m23/data_out_reg_4_/next_state
                                0.25           0.23 r        -0.02  (VIOLATED)
   m23/data_out_reg_5_/next_state
                                0.25           0.23 r        -0.02  (VIOLATED)
   m23/data_out_reg_6_/next_state
                                0.25           0.23 r        -0.02  (VIOLATED)
   m23/data_out_reg_7_/next_state
                                0.25           0.23 r        -0.02  (VIOLATED)
   m23/wt_path_out_reg_0_/next_state
                                0.25           0.23 r        -0.02  (VIOLATED)
   m23/wt_path_out_reg_1_/next_state
                                0.25           0.23 r        -0.02  (VIOLATED)
   m23/wt_path_out_reg_2_/next_state
                                0.25           0.23 r        -0.02  (VIOLATED)
   m23/wt_path_out_reg_3_/next_state
                                0.25           0.23 r        -0.02  (VIOLATED)
   m23/wt_path_out_reg_4_/next_state
                                0.25           0.23 r        -0.02  (VIOLATED)
   m23/wt_path_out_reg_5_/next_state
                                0.25           0.23 r        -0.02  (VIOLATED)
   m23/wt_path_out_reg_6_/next_state
                                0.25           0.23 r        -0.02  (VIOLATED)
   m23/wt_path_out_reg_7_/next_state
                                0.25           0.23 r        -0.02  (VIOLATED)
   m30/acc_out_reg_0_/next_state
                                0.25           0.23 r        -0.02  (VIOLATED)
   m30/acc_out_reg_1_/next_state
                                0.25           0.23 r        -0.02  (VIOLATED)
   m30/acc_out_reg_2_/next_state
                                0.25           0.23 r        -0.02  (VIOLATED)
   m30/acc_out_reg_3_/next_state
                                0.25           0.23 r        -0.02  (VIOLATED)
   m30/acc_out_reg_4_/next_state
                                0.25           0.23 r        -0.02  (VIOLATED)
   m30/acc_out_reg_5_/next_state
                                0.25           0.23 r        -0.02  (VIOLATED)
   m30/acc_out_reg_6_/next_state
                                0.25           0.23 r        -0.02  (VIOLATED)
   m30/acc_out_reg_7_/next_state
                                0.25           0.23 r        -0.02  (VIOLATED)
   m30/acc_out_reg_8_/next_state
                                0.25           0.23 r        -0.02  (VIOLATED)
   m30/acc_out_reg_9_/next_state
                                0.25           0.23 r        -0.02  (VIOLATED)
   m30/acc_out_reg_10_/next_state
                                0.25           0.23 r        -0.02  (VIOLATED)
   m30/acc_out_reg_11_/next_state
                                0.25           0.23 r        -0.02  (VIOLATED)
   m30/acc_out_reg_12_/next_state
                                0.25           0.23 r        -0.02  (VIOLATED)
   m30/acc_out_reg_13_/next_state
                                0.25           0.23 r        -0.02  (VIOLATED)
   m30/acc_out_reg_14_/next_state
                                0.25           0.23 r        -0.02  (VIOLATED)
   m30/acc_out_reg_15_/next_state
                                0.25           0.23 r        -0.02  (VIOLATED)
   m30/data_out_reg_0_/next_state
                                0.25           0.23 r        -0.02  (VIOLATED)
   m30/data_out_reg_1_/next_state
                                0.25           0.23 r        -0.02  (VIOLATED)
   m30/data_out_reg_2_/next_state
                                0.25           0.23 r        -0.02  (VIOLATED)
   m30/data_out_reg_3_/next_state
                                0.25           0.23 r        -0.02  (VIOLATED)
   m30/data_out_reg_4_/next_state
                                0.25           0.23 r        -0.02  (VIOLATED)
   m30/data_out_reg_5_/next_state
                                0.25           0.23 r        -0.02  (VIOLATED)
   m30/data_out_reg_6_/next_state
                                0.25           0.23 r        -0.02  (VIOLATED)
   m30/data_out_reg_7_/next_state
                                0.25           0.23 r        -0.02  (VIOLATED)
   m31/acc_out_reg_0_/next_state
                                0.25           0.23 r        -0.02  (VIOLATED)
   m31/acc_out_reg_1_/next_state
                                0.25           0.23 r        -0.02  (VIOLATED)
   m31/acc_out_reg_2_/next_state
                                0.25           0.23 r        -0.02  (VIOLATED)
   m31/acc_out_reg_3_/next_state
                                0.25           0.23 r        -0.02  (VIOLATED)
   m31/acc_out_reg_4_/next_state
                                0.25           0.23 r        -0.02  (VIOLATED)
   m31/acc_out_reg_5_/next_state
                                0.25           0.23 r        -0.02  (VIOLATED)
   m31/acc_out_reg_6_/next_state
                                0.25           0.23 r        -0.02  (VIOLATED)
   m31/acc_out_reg_7_/next_state
                                0.25           0.23 r        -0.02  (VIOLATED)
   m31/acc_out_reg_8_/next_state
                                0.25           0.23 r        -0.02  (VIOLATED)
   m31/acc_out_reg_9_/next_state
                                0.25           0.23 r        -0.02  (VIOLATED)
   m31/acc_out_reg_10_/next_state
                                0.25           0.23 r        -0.02  (VIOLATED)
   m31/acc_out_reg_11_/next_state
                                0.25           0.23 r        -0.02  (VIOLATED)
   m31/acc_out_reg_12_/next_state
                                0.25           0.23 r        -0.02  (VIOLATED)
   m31/acc_out_reg_13_/next_state
                                0.25           0.23 r        -0.02  (VIOLATED)
   m31/acc_out_reg_14_/next_state
                                0.25           0.23 r        -0.02  (VIOLATED)
   m31/acc_out_reg_15_/next_state
                                0.25           0.23 r        -0.02  (VIOLATED)
   m31/acc_out_reg_16_/next_state
                                0.25           0.23 r        -0.02  (VIOLATED)
   m31/acc_out_reg_17_/next_state
                                0.25           0.23 r        -0.02  (VIOLATED)
   m31/acc_out_reg_18_/next_state
                                0.25           0.23 r        -0.02  (VIOLATED)
   m31/acc_out_reg_19_/next_state
                                0.25           0.23 r        -0.02  (VIOLATED)
   m31/acc_out_reg_20_/next_state
                                0.25           0.23 r        -0.02  (VIOLATED)
   m31/acc_out_reg_21_/next_state
                                0.25           0.23 r        -0.02  (VIOLATED)
   m31/acc_out_reg_22_/next_state
                                0.25           0.23 r        -0.02  (VIOLATED)
   m31/acc_out_reg_23_/next_state
                                0.25           0.23 r        -0.02  (VIOLATED)
   m31/acc_out_reg_24_/next_state
                                0.25           0.23 r        -0.02  (VIOLATED)
   m31/acc_out_reg_25_/next_state
                                0.25           0.23 r        -0.02  (VIOLATED)
   m31/acc_out_reg_26_/next_state
                                0.25           0.23 r        -0.02  (VIOLATED)
   m31/acc_out_reg_27_/next_state
                                0.25           0.23 r        -0.02  (VIOLATED)
   m31/acc_out_reg_28_/next_state
                                0.25           0.23 r        -0.02  (VIOLATED)
   m31/acc_out_reg_29_/next_state
                                0.25           0.23 r        -0.02  (VIOLATED)
   m31/acc_out_reg_30_/next_state
                                0.25           0.23 r        -0.02  (VIOLATED)
   m31/acc_out_reg_31_/next_state
                                0.25           0.23 r        -0.02  (VIOLATED)
   m31/data_out_reg_0_/next_state
                                0.25           0.23 r        -0.02  (VIOLATED)
   m31/data_out_reg_1_/next_state
                                0.25           0.23 r        -0.02  (VIOLATED)
   m31/data_out_reg_2_/next_state
                                0.25           0.23 r        -0.02  (VIOLATED)
   m31/data_out_reg_3_/next_state
                                0.25           0.23 r        -0.02  (VIOLATED)
   m31/data_out_reg_4_/next_state
                                0.25           0.23 r        -0.02  (VIOLATED)
   m31/data_out_reg_5_/next_state
                                0.25           0.23 r        -0.02  (VIOLATED)
   m31/data_out_reg_6_/next_state
                                0.25           0.23 r        -0.02  (VIOLATED)
   m31/data_out_reg_7_/next_state
                                0.25           0.23 r        -0.02  (VIOLATED)
   m31/wt_path_out_reg_0_/next_state
                                0.25           0.23 r        -0.02  (VIOLATED)
   m31/wt_path_out_reg_1_/next_state
                                0.25           0.23 r        -0.02  (VIOLATED)
   m31/wt_path_out_reg_2_/next_state
                                0.25           0.23 r        -0.02  (VIOLATED)
   m31/wt_path_out_reg_3_/next_state
                                0.25           0.23 r        -0.02  (VIOLATED)
   m31/wt_path_out_reg_4_/next_state
                                0.25           0.23 r        -0.02  (VIOLATED)
   m31/wt_path_out_reg_5_/next_state
                                0.25           0.23 r        -0.02  (VIOLATED)
   m31/wt_path_out_reg_6_/next_state
                                0.25           0.23 r        -0.02  (VIOLATED)
   m31/wt_path_out_reg_7_/next_state
                                0.25           0.23 r        -0.02  (VIOLATED)
   m32/acc_out_reg_0_/next_state
                                0.25           0.23 r        -0.02  (VIOLATED)
   m32/acc_out_reg_1_/next_state
                                0.25           0.23 r        -0.02  (VIOLATED)
   m32/acc_out_reg_2_/next_state
                                0.25           0.23 r        -0.02  (VIOLATED)
   m32/acc_out_reg_3_/next_state
                                0.25           0.23 r        -0.02  (VIOLATED)
   m32/acc_out_reg_4_/next_state
                                0.25           0.23 r        -0.02  (VIOLATED)
   m32/acc_out_reg_5_/next_state
                                0.25           0.23 r        -0.02  (VIOLATED)
   m32/acc_out_reg_6_/next_state
                                0.25           0.23 r        -0.02  (VIOLATED)
   m32/acc_out_reg_7_/next_state
                                0.25           0.23 r        -0.02  (VIOLATED)
   m32/acc_out_reg_8_/next_state
                                0.25           0.23 r        -0.02  (VIOLATED)
   m32/acc_out_reg_9_/next_state
                                0.25           0.23 r        -0.02  (VIOLATED)
   m32/acc_out_reg_10_/next_state
                                0.25           0.23 r        -0.02  (VIOLATED)
   m32/acc_out_reg_11_/next_state
                                0.25           0.23 r        -0.02  (VIOLATED)
   m32/acc_out_reg_12_/next_state
                                0.25           0.23 r        -0.02  (VIOLATED)
   m32/acc_out_reg_13_/next_state
                                0.25           0.23 r        -0.02  (VIOLATED)
   m32/acc_out_reg_14_/next_state
                                0.25           0.23 r        -0.02  (VIOLATED)
   m32/acc_out_reg_15_/next_state
                                0.25           0.23 r        -0.02  (VIOLATED)
   m32/acc_out_reg_16_/next_state
                                0.25           0.23 r        -0.02  (VIOLATED)
   m32/acc_out_reg_17_/next_state
                                0.25           0.23 r        -0.02  (VIOLATED)
   m32/acc_out_reg_18_/next_state
                                0.25           0.23 r        -0.02  (VIOLATED)
   m32/acc_out_reg_19_/next_state
                                0.25           0.23 r        -0.02  (VIOLATED)
   m32/acc_out_reg_20_/next_state
                                0.25           0.23 r        -0.02  (VIOLATED)
   m32/acc_out_reg_21_/next_state
                                0.25           0.23 r        -0.02  (VIOLATED)
   m32/acc_out_reg_22_/next_state
                                0.25           0.23 r        -0.02  (VIOLATED)
   m32/acc_out_reg_23_/next_state
                                0.25           0.23 r        -0.02  (VIOLATED)
   m32/acc_out_reg_24_/next_state
                                0.25           0.23 r        -0.02  (VIOLATED)
   m32/acc_out_reg_25_/next_state
                                0.25           0.23 r        -0.02  (VIOLATED)
   m32/acc_out_reg_26_/next_state
                                0.25           0.23 r        -0.02  (VIOLATED)
   m32/acc_out_reg_27_/next_state
                                0.25           0.23 r        -0.02  (VIOLATED)
   m32/acc_out_reg_28_/next_state
                                0.25           0.23 r        -0.02  (VIOLATED)
   m32/acc_out_reg_29_/next_state
                                0.25           0.23 r        -0.02  (VIOLATED)
   m32/acc_out_reg_30_/next_state
                                0.25           0.23 r        -0.02  (VIOLATED)
   m32/acc_out_reg_31_/next_state
                                0.25           0.23 r        -0.02  (VIOLATED)
   m32/data_out_reg_0_/next_state
                                0.25           0.23 r        -0.02  (VIOLATED)
   m32/data_out_reg_1_/next_state
                                0.25           0.23 r        -0.02  (VIOLATED)
   m32/data_out_reg_2_/next_state
                                0.25           0.23 r        -0.02  (VIOLATED)
   m32/data_out_reg_3_/next_state
                                0.25           0.23 r        -0.02  (VIOLATED)
   m32/data_out_reg_4_/next_state
                                0.25           0.23 r        -0.02  (VIOLATED)
   m32/data_out_reg_5_/next_state
                                0.25           0.23 r        -0.02  (VIOLATED)
   m32/data_out_reg_6_/next_state
                                0.25           0.23 r        -0.02  (VIOLATED)
   m32/data_out_reg_7_/next_state
                                0.25           0.23 r        -0.02  (VIOLATED)
   m32/wt_path_out_reg_0_/next_state
                                0.25           0.23 r        -0.02  (VIOLATED)
   m32/wt_path_out_reg_1_/next_state
                                0.25           0.23 r        -0.02  (VIOLATED)
   m32/wt_path_out_reg_2_/next_state
                                0.25           0.23 r        -0.02  (VIOLATED)
   m32/wt_path_out_reg_3_/next_state
                                0.25           0.23 r        -0.02  (VIOLATED)
   m32/wt_path_out_reg_4_/next_state
                                0.25           0.23 r        -0.02  (VIOLATED)
   m32/wt_path_out_reg_5_/next_state
                                0.25           0.23 r        -0.02  (VIOLATED)
   m32/wt_path_out_reg_6_/next_state
                                0.25           0.23 r        -0.02  (VIOLATED)
   m32/wt_path_out_reg_7_/next_state
                                0.25           0.23 r        -0.02  (VIOLATED)
   m33/acc_out_reg_0_/next_state
                                0.25           0.23 r        -0.02  (VIOLATED)
   m33/acc_out_reg_1_/next_state
                                0.25           0.23 r        -0.02  (VIOLATED)
   m33/acc_out_reg_2_/next_state
                                0.25           0.23 r        -0.02  (VIOLATED)
   m33/acc_out_reg_3_/next_state
                                0.25           0.23 r        -0.02  (VIOLATED)
   m33/acc_out_reg_4_/next_state
                                0.25           0.23 r        -0.02  (VIOLATED)
   m33/acc_out_reg_5_/next_state
                                0.25           0.23 r        -0.02  (VIOLATED)
   m33/acc_out_reg_6_/next_state
                                0.25           0.23 r        -0.02  (VIOLATED)
   m33/acc_out_reg_7_/next_state
                                0.25           0.23 r        -0.02  (VIOLATED)
   m33/acc_out_reg_8_/next_state
                                0.25           0.23 r        -0.02  (VIOLATED)
   m33/acc_out_reg_9_/next_state
                                0.25           0.23 r        -0.02  (VIOLATED)
   m33/acc_out_reg_10_/next_state
                                0.25           0.23 r        -0.02  (VIOLATED)
   m33/acc_out_reg_11_/next_state
                                0.25           0.23 r        -0.02  (VIOLATED)
   m33/acc_out_reg_12_/next_state
                                0.25           0.23 r        -0.02  (VIOLATED)
   m33/acc_out_reg_13_/next_state
                                0.25           0.23 r        -0.02  (VIOLATED)
   m33/acc_out_reg_14_/next_state
                                0.25           0.23 r        -0.02  (VIOLATED)
   m33/acc_out_reg_15_/next_state
                                0.25           0.23 r        -0.02  (VIOLATED)
   m33/acc_out_reg_16_/next_state
                                0.25           0.23 r        -0.02  (VIOLATED)
   m33/acc_out_reg_17_/next_state
                                0.25           0.23 r        -0.02  (VIOLATED)
   m33/acc_out_reg_18_/next_state
                                0.25           0.23 r        -0.02  (VIOLATED)
   m33/acc_out_reg_19_/next_state
                                0.25           0.23 r        -0.02  (VIOLATED)
   m33/acc_out_reg_20_/next_state
                                0.25           0.23 r        -0.02  (VIOLATED)
   m33/acc_out_reg_21_/next_state
                                0.25           0.23 r        -0.02  (VIOLATED)
   m33/acc_out_reg_22_/next_state
                                0.25           0.23 r        -0.02  (VIOLATED)
   m33/acc_out_reg_23_/next_state
                                0.25           0.23 r        -0.02  (VIOLATED)
   m33/acc_out_reg_24_/next_state
                                0.25           0.23 r        -0.02  (VIOLATED)
   m33/acc_out_reg_25_/next_state
                                0.25           0.23 r        -0.02  (VIOLATED)
   m33/acc_out_reg_26_/next_state
                                0.25           0.23 r        -0.02  (VIOLATED)
   m33/acc_out_reg_27_/next_state
                                0.25           0.23 r        -0.02  (VIOLATED)
   m33/acc_out_reg_28_/next_state
                                0.25           0.23 r        -0.02  (VIOLATED)
   m33/acc_out_reg_29_/next_state
                                0.25           0.23 r        -0.02  (VIOLATED)
   m33/acc_out_reg_30_/next_state
                                0.25           0.23 r        -0.02  (VIOLATED)
   m33/acc_out_reg_31_/next_state
                                0.25           0.23 r        -0.02  (VIOLATED)
   m33/data_out_reg_0_/next_state
                                0.25           0.23 r        -0.02  (VIOLATED)
   m33/data_out_reg_1_/next_state
                                0.25           0.23 r        -0.02  (VIOLATED)
   m33/data_out_reg_2_/next_state
                                0.25           0.23 r        -0.02  (VIOLATED)
   m33/data_out_reg_3_/next_state
                                0.25           0.23 r        -0.02  (VIOLATED)
   m33/data_out_reg_4_/next_state
                                0.25           0.23 r        -0.02  (VIOLATED)
   m33/data_out_reg_5_/next_state
                                0.25           0.23 r        -0.02  (VIOLATED)
   m33/data_out_reg_6_/next_state
                                0.25           0.23 r        -0.02  (VIOLATED)
   m33/data_out_reg_7_/next_state
                                0.25           0.23 r        -0.02  (VIOLATED)
   m33/wt_path_out_reg_0_/next_state
                                0.25           0.23 r        -0.02  (VIOLATED)
   m33/wt_path_out_reg_1_/next_state
                                0.25           0.23 r        -0.02  (VIOLATED)
   m33/wt_path_out_reg_2_/next_state
                                0.25           0.23 r        -0.02  (VIOLATED)
   m33/wt_path_out_reg_3_/next_state
                                0.25           0.23 r        -0.02  (VIOLATED)
   m33/wt_path_out_reg_4_/next_state
                                0.25           0.23 r        -0.02  (VIOLATED)
   m33/wt_path_out_reg_5_/next_state
                                0.25           0.23 r        -0.02  (VIOLATED)
   m33/wt_path_out_reg_6_/next_state
                                0.25           0.23 r        -0.02  (VIOLATED)
   m33/wt_path_out_reg_7_/next_state
                                0.25           0.23 r        -0.02  (VIOLATED)


1
