Warning: Design 'MMU' has '1' unresolved references. For more detailed information, use the "link" command. (UID-341)

Information: Checking generated_clocks...

Information: Checking loops...

Information: Checking no_input_delay...
Warning: The following input ports have no clock_relative delay specified, the command set_input_delay without -clock option will be ignored. (TIM-216)
--------------------
reset

Information: Checking unconstrained_endpoints...

Warning: The following end-points are not constrained for maximum delay.

End point
---------------
acc_out[0]
acc_out[1]
acc_out[2]
acc_out[3]
acc_out[4]
acc_out[5]
acc_out[6]
acc_out[7]
acc_out[8]
acc_out[9]
acc_out[10]
acc_out[11]
acc_out[12]
acc_out[13]
acc_out[14]
acc_out[15]
acc_out[16]
acc_out[17]
acc_out[18]
acc_out[19]
acc_out[20]
acc_out[21]
acc_out[22]
acc_out[23]
acc_out[24]
acc_out[25]
acc_out[26]
acc_out[27]
acc_out[28]
acc_out[29]
acc_out[30]
acc_out[31]
acc_out[32]
acc_out[33]
acc_out[34]
acc_out[35]
acc_out[36]
acc_out[37]
acc_out[38]
acc_out[39]
acc_out[40]
acc_out[41]
acc_out[42]
acc_out[43]
acc_out[44]
acc_out[45]
acc_out[46]
acc_out[47]
acc_out[48]
acc_out[49]
acc_out[50]
acc_out[51]
acc_out[52]
acc_out[53]
acc_out[54]
acc_out[55]
acc_out[56]
acc_out[57]
acc_out[58]
acc_out[59]
acc_out[60]
acc_out[61]
acc_out[62]
acc_out[63]
acc_out[64]
acc_out[65]
acc_out[66]
acc_out[67]
acc_out[68]
acc_out[69]
acc_out[70]
acc_out[71]
acc_out[72]
acc_out[73]
acc_out[74]
acc_out[75]
acc_out[76]
acc_out[77]
acc_out[78]
acc_out[79]
acc_out[80]
acc_out[81]
acc_out[82]
acc_out[83]
acc_out[84]
acc_out[85]
acc_out[86]
acc_out[87]
acc_out[88]
acc_out[89]
acc_out[90]
acc_out[91]
acc_out[92]
acc_out[93]
acc_out[94]
acc_out[95]
acc_out[96]
acc_out[97]
acc_out[98]
acc_out[99]
acc_out[100]
acc_out[101]
acc_out[102]
acc_out[103]
acc_out[104]
acc_out[105]
acc_out[106]
acc_out[107]
acc_out[108]
acc_out[109]
acc_out[110]
acc_out[111]
acc_out[112]
acc_out[113]
acc_out[114]
acc_out[115]
acc_out[116]
acc_out[117]
acc_out[118]
acc_out[119]
acc_out[120]
acc_out[121]
acc_out[122]
acc_out[123]
acc_out[124]
acc_out[125]
acc_out[126]
acc_out[127]
acc_out[128]
acc_out[129]
acc_out[130]
acc_out[131]
acc_out[132]
acc_out[133]
acc_out[134]
acc_out[135]
acc_out[136]
acc_out[137]
acc_out[138]
acc_out[139]
acc_out[140]
acc_out[141]
acc_out[142]
acc_out[143]
acc_out[144]
acc_out[145]
acc_out[146]
acc_out[147]
acc_out[148]
acc_out[149]
acc_out[150]
acc_out[151]
acc_out[152]
acc_out[153]
acc_out[154]
acc_out[155]
acc_out[156]
acc_out[157]
acc_out[158]
acc_out[159]
acc_out[160]
acc_out[161]
acc_out[162]
acc_out[163]
acc_out[164]
acc_out[165]
acc_out[166]
acc_out[167]
acc_out[168]
acc_out[169]
acc_out[170]
acc_out[171]
acc_out[172]
acc_out[173]
acc_out[174]
acc_out[175]
acc_out[176]
acc_out[177]
acc_out[178]
acc_out[179]
acc_out[180]
acc_out[181]
acc_out[182]
acc_out[183]
acc_out[184]
acc_out[185]
acc_out[186]
acc_out[187]
acc_out[188]
acc_out[189]
acc_out[190]
acc_out[191]
acc_out[192]
acc_out[193]
acc_out[194]
acc_out[195]
acc_out[196]
acc_out[197]
acc_out[198]
acc_out[199]
acc_out[200]
acc_out[201]
acc_out[202]
acc_out[203]
acc_out[204]
acc_out[205]
acc_out[206]
acc_out[207]
acc_out[208]
acc_out[209]
acc_out[210]
acc_out[211]
acc_out[212]
acc_out[213]
acc_out[214]
acc_out[215]
acc_out[216]
acc_out[217]
acc_out[218]
acc_out[219]
acc_out[220]
acc_out[221]
acc_out[222]
acc_out[223]
acc_out[224]
acc_out[225]
acc_out[226]
acc_out[227]
acc_out[228]
acc_out[229]
acc_out[230]
acc_out[231]
acc_out[232]
acc_out[233]
acc_out[234]
acc_out[235]
acc_out[236]
acc_out[237]
acc_out[238]
acc_out[239]
acc_out[240]
acc_out[241]
acc_out[242]
acc_out[243]
acc_out[244]
acc_out[245]
acc_out[246]
acc_out[247]
acc_out[248]
acc_out[249]
acc_out[250]
acc_out[251]
acc_out[252]
acc_out[253]
acc_out[254]
acc_out[255]
acc_out[256]
acc_out[257]
acc_out[258]
acc_out[259]
acc_out[260]
acc_out[261]
acc_out[262]
acc_out[263]
acc_out[264]
acc_out[265]
acc_out[266]
acc_out[267]
acc_out[268]
acc_out[269]
acc_out[270]
acc_out[271]
acc_out[272]
acc_out[273]
acc_out[274]
acc_out[275]
acc_out[276]
acc_out[277]
acc_out[278]
acc_out[279]
acc_out[280]
acc_out[281]
acc_out[282]
acc_out[283]
acc_out[284]
acc_out[285]
acc_out[286]
acc_out[287]
acc_out[288]
acc_out[289]
acc_out[290]
acc_out[291]
acc_out[292]
acc_out[293]
acc_out[294]
acc_out[295]
acc_out[296]
acc_out[297]
acc_out[298]
acc_out[299]
acc_out[300]
acc_out[301]
acc_out[302]
acc_out[303]
acc_out[304]
acc_out[305]
acc_out[306]
acc_out[307]
acc_out[308]
acc_out[309]
acc_out[310]
acc_out[311]
acc_out[312]
acc_out[313]
acc_out[314]
acc_out[315]
acc_out[316]
acc_out[317]
acc_out[318]
acc_out[319]
acc_out[320]
acc_out[321]
acc_out[322]
acc_out[323]
acc_out[324]
acc_out[325]
acc_out[326]
acc_out[327]
acc_out[328]
acc_out[329]
acc_out[330]
acc_out[331]
acc_out[332]
acc_out[333]
acc_out[334]
acc_out[335]
acc_out[336]
acc_out[337]
acc_out[338]
acc_out[339]
acc_out[340]
acc_out[341]
acc_out[342]
acc_out[343]
acc_out[344]
acc_out[345]
acc_out[346]
acc_out[347]
acc_out[348]
acc_out[349]
acc_out[350]
acc_out[351]
acc_out[352]
acc_out[353]
acc_out[354]
acc_out[355]
acc_out[356]
acc_out[357]
acc_out[358]
acc_out[359]
acc_out[360]
acc_out[361]
acc_out[362]
acc_out[363]
acc_out[364]
acc_out[365]
acc_out[366]
acc_out[367]
acc_out[368]
acc_out[369]
acc_out[370]
acc_out[371]
acc_out[372]
acc_out[373]
acc_out[374]
acc_out[375]
acc_out[376]
acc_out[377]
acc_out[378]
acc_out[379]
acc_out[380]
acc_out[381]
acc_out[382]
acc_out[383]
acc_out[384]
acc_out[385]
acc_out[386]
acc_out[387]
acc_out[388]
acc_out[389]
acc_out[390]
acc_out[391]
acc_out[392]
acc_out[393]
acc_out[394]
acc_out[395]
acc_out[396]
acc_out[397]
acc_out[398]
acc_out[399]
acc_out[400]
acc_out[401]
acc_out[402]
acc_out[403]
acc_out[404]
acc_out[405]
acc_out[406]
acc_out[407]
acc_out[408]
acc_out[409]
acc_out[410]
acc_out[411]
acc_out[412]
acc_out[413]
acc_out[414]
acc_out[415]
acc_out[416]
acc_out[417]
acc_out[418]
acc_out[419]
acc_out[420]
acc_out[421]
acc_out[422]
acc_out[423]
acc_out[424]
acc_out[425]
acc_out[426]
acc_out[427]
acc_out[428]
acc_out[429]
acc_out[430]
acc_out[431]
acc_out[432]
acc_out[433]
acc_out[434]
acc_out[435]
acc_out[436]
acc_out[437]
acc_out[438]
acc_out[439]
acc_out[440]
acc_out[441]
acc_out[442]
acc_out[443]
acc_out[444]
acc_out[445]
acc_out[446]
acc_out[447]
acc_out[448]
acc_out[449]
acc_out[450]
acc_out[451]
acc_out[452]
acc_out[453]
acc_out[454]
acc_out[455]
acc_out[456]
acc_out[457]
acc_out[458]
acc_out[459]
acc_out[460]
acc_out[461]
acc_out[462]
acc_out[463]
acc_out[464]
acc_out[465]
acc_out[466]
acc_out[467]
acc_out[468]
acc_out[469]
acc_out[470]
acc_out[471]
acc_out[472]
acc_out[473]
acc_out[474]
acc_out[475]
acc_out[476]
acc_out[477]
acc_out[478]
acc_out[479]
acc_out[480]
acc_out[481]
acc_out[482]
acc_out[483]
acc_out[484]
acc_out[485]
acc_out[486]
acc_out[487]
acc_out[488]
acc_out[489]
acc_out[490]
acc_out[491]
acc_out[492]
acc_out[493]
acc_out[494]
acc_out[495]
acc_out[496]
acc_out[497]
acc_out[498]
acc_out[499]
acc_out[500]
acc_out[501]
acc_out[502]
acc_out[503]
acc_out[504]
acc_out[505]
acc_out[506]
acc_out[507]
acc_out[508]
acc_out[509]
acc_out[510]
acc_out[511]
acc_out_reg_0_/next_state
acc_out_reg_1_/next_state
acc_out_reg_2_/next_state
acc_out_reg_3_/next_state
acc_out_reg_4_/next_state
acc_out_reg_5_/next_state
acc_out_reg_6_/next_state
acc_out_reg_7_/next_state
acc_out_reg_8_/next_state
acc_out_reg_9_/next_state
acc_out_reg_10_/next_state
acc_out_reg_11_/next_state
acc_out_reg_12_/next_state
acc_out_reg_13_/next_state
acc_out_reg_14_/next_state
acc_out_reg_15_/next_state
acc_out_reg_16_/next_state
acc_out_reg_17_/next_state
acc_out_reg_18_/next_state
acc_out_reg_19_/next_state
acc_out_reg_20_/next_state
acc_out_reg_21_/next_state
acc_out_reg_22_/next_state
acc_out_reg_23_/next_state
acc_out_reg_24_/next_state
acc_out_reg_25_/next_state
acc_out_reg_26_/next_state
acc_out_reg_27_/next_state
acc_out_reg_28_/next_state
acc_out_reg_29_/next_state
acc_out_reg_30_/next_state
acc_out_reg_31_/next_state
acc_out_reg_32_/next_state
acc_out_reg_33_/next_state
acc_out_reg_34_/next_state
acc_out_reg_35_/next_state
acc_out_reg_36_/next_state
acc_out_reg_37_/next_state
acc_out_reg_38_/next_state
acc_out_reg_39_/next_state
acc_out_reg_40_/next_state
acc_out_reg_41_/next_state
acc_out_reg_42_/next_state
acc_out_reg_43_/next_state
acc_out_reg_44_/next_state
acc_out_reg_45_/next_state
acc_out_reg_46_/next_state
acc_out_reg_47_/next_state
acc_out_reg_48_/next_state
acc_out_reg_49_/next_state
acc_out_reg_50_/next_state
acc_out_reg_51_/next_state
acc_out_reg_52_/next_state
acc_out_reg_53_/next_state
acc_out_reg_54_/next_state
acc_out_reg_55_/next_state
acc_out_reg_56_/next_state
acc_out_reg_57_/next_state
acc_out_reg_58_/next_state
acc_out_reg_59_/next_state
acc_out_reg_60_/next_state
acc_out_reg_61_/next_state
acc_out_reg_62_/next_state
acc_out_reg_63_/next_state
acc_out_reg_64_/next_state
acc_out_reg_65_/next_state
acc_out_reg_66_/next_state
acc_out_reg_67_/next_state
acc_out_reg_68_/next_state
acc_out_reg_69_/next_state
acc_out_reg_70_/next_state
acc_out_reg_71_/next_state
acc_out_reg_72_/next_state
acc_out_reg_73_/next_state
acc_out_reg_74_/next_state
acc_out_reg_75_/next_state
acc_out_reg_76_/next_state
acc_out_reg_77_/next_state
acc_out_reg_78_/next_state
acc_out_reg_79_/next_state
acc_out_reg_80_/next_state
acc_out_reg_81_/next_state
acc_out_reg_82_/next_state
acc_out_reg_83_/next_state
acc_out_reg_84_/next_state
acc_out_reg_85_/next_state
acc_out_reg_86_/next_state
acc_out_reg_87_/next_state
acc_out_reg_88_/next_state
acc_out_reg_89_/next_state
acc_out_reg_90_/next_state
acc_out_reg_91_/next_state
acc_out_reg_92_/next_state
acc_out_reg_93_/next_state
acc_out_reg_94_/next_state
acc_out_reg_95_/next_state
acc_out_reg_96_/next_state
acc_out_reg_97_/next_state
acc_out_reg_98_/next_state
acc_out_reg_99_/next_state
acc_out_reg_100_/next_state
acc_out_reg_101_/next_state
acc_out_reg_102_/next_state
acc_out_reg_103_/next_state
acc_out_reg_104_/next_state
acc_out_reg_105_/next_state
acc_out_reg_106_/next_state
acc_out_reg_107_/next_state
acc_out_reg_108_/next_state
acc_out_reg_109_/next_state
acc_out_reg_110_/next_state
acc_out_reg_111_/next_state
acc_out_reg_112_/next_state
acc_out_reg_113_/next_state
acc_out_reg_114_/next_state
acc_out_reg_115_/next_state
acc_out_reg_116_/next_state
acc_out_reg_117_/next_state
acc_out_reg_118_/next_state
acc_out_reg_119_/next_state
acc_out_reg_120_/next_state
acc_out_reg_121_/next_state
acc_out_reg_122_/next_state
acc_out_reg_123_/next_state
acc_out_reg_124_/next_state
acc_out_reg_125_/next_state
acc_out_reg_126_/next_state
acc_out_reg_127_/next_state

Information: Checking pulse_clock_cell_type...

Information: Checking no_driving_cell...

Information: Checking partial_input_delay...
1
