
Information: Checking generated_clocks...

Information: Checking loops...

Information: Checking no_input_delay...

Information: Checking unconstrained_endpoints...

Warning: The following end-points are not constrained for maximum delay.

End point
---------------
acc_out[0]
acc_out[1]
acc_out[2]
acc_out[3]
acc_out[4]
acc_out[5]
acc_out[6]
acc_out[7]
acc_out[8]
acc_out[9]
acc_out[10]
acc_out[11]
acc_out[12]
acc_out[13]
acc_out[14]
acc_out[15]
acc_out[16]
acc_out[17]
acc_out[18]
acc_out[32]
acc_out[33]
acc_out[34]
acc_out[35]
acc_out[36]
acc_out[37]
acc_out[38]
acc_out[39]
acc_out[40]
acc_out[41]
acc_out[42]
acc_out[43]
acc_out[44]
acc_out[45]
acc_out[46]
acc_out[47]
acc_out[48]
acc_out[49]
acc_out[50]
acc_out[64]
acc_out[65]
acc_out[66]
acc_out[67]
acc_out[68]
acc_out[69]
acc_out[70]
acc_out[71]
acc_out[72]
acc_out[73]
acc_out[74]
acc_out[75]
acc_out[76]
acc_out[77]
acc_out[78]
acc_out[79]
acc_out[80]
acc_out[81]
acc_out[82]
acc_out[96]
acc_out[97]
acc_out[98]
acc_out[99]
acc_out[100]
acc_out[101]
acc_out[102]
acc_out[103]
acc_out[104]
acc_out[105]
acc_out[106]
acc_out[107]
acc_out[108]
acc_out[109]
acc_out[110]
acc_out[111]
acc_out[112]
acc_out[113]
acc_out[114]
acc_out_reg_0_/D
acc_out_reg_1_/D
acc_out_reg_2_/D
acc_out_reg_3_/D
acc_out_reg_4_/D
acc_out_reg_5_/D
acc_out_reg_6_/D
acc_out_reg_7_/D
acc_out_reg_8_/D
acc_out_reg_9_/D
acc_out_reg_10_/D
acc_out_reg_11_/D
acc_out_reg_12_/D
acc_out_reg_13_/D
acc_out_reg_14_/D
acc_out_reg_15_/D
acc_out_reg_16_/D
acc_out_reg_17_/D
acc_out_reg_18_/D
acc_out_reg_32_/D
acc_out_reg_33_/D
acc_out_reg_34_/D
acc_out_reg_35_/D
acc_out_reg_36_/D
acc_out_reg_37_/D
acc_out_reg_38_/D
acc_out_reg_39_/D
acc_out_reg_40_/D
acc_out_reg_41_/D
acc_out_reg_42_/D
acc_out_reg_43_/D
acc_out_reg_44_/D
acc_out_reg_45_/D
acc_out_reg_46_/D
acc_out_reg_47_/D
acc_out_reg_48_/D
acc_out_reg_49_/D
acc_out_reg_50_/D
acc_out_reg_64_/D
acc_out_reg_65_/D
acc_out_reg_66_/D
acc_out_reg_67_/D
acc_out_reg_68_/D
acc_out_reg_69_/D
acc_out_reg_70_/D
acc_out_reg_71_/D
acc_out_reg_72_/D
acc_out_reg_73_/D
acc_out_reg_74_/D
acc_out_reg_75_/D
acc_out_reg_76_/D
acc_out_reg_77_/D
acc_out_reg_78_/D
acc_out_reg_79_/D
acc_out_reg_80_/D
acc_out_reg_81_/D
acc_out_reg_82_/D
acc_out_reg_96_/D
acc_out_reg_97_/D
acc_out_reg_98_/D
acc_out_reg_99_/D
acc_out_reg_100_/D
acc_out_reg_101_/D
acc_out_reg_102_/D
acc_out_reg_103_/D
acc_out_reg_104_/D
acc_out_reg_105_/D
acc_out_reg_106_/D
acc_out_reg_107_/D
acc_out_reg_108_/D
acc_out_reg_109_/D
acc_out_reg_110_/D
acc_out_reg_111_/D
acc_out_reg_112_/D
acc_out_reg_113_/D
acc_out_reg_114_/D
m00/acc_out_reg_0_/D
m00/acc_out_reg_1_/D
m00/acc_out_reg_2_/D
m00/acc_out_reg_3_/D
m00/acc_out_reg_4_/D
m00/acc_out_reg_5_/D
m00/acc_out_reg_6_/D
m00/acc_out_reg_7_/D
m00/acc_out_reg_8_/D
m00/acc_out_reg_9_/D
m00/acc_out_reg_10_/D
m00/acc_out_reg_11_/D
m00/acc_out_reg_12_/D
m00/acc_out_reg_13_/D
m00/acc_out_reg_14_/D
m00/acc_out_reg_15_/D
m00/data_out_reg_0_/D
m00/data_out_reg_1_/D
m00/data_out_reg_2_/D
m00/data_out_reg_3_/D
m00/data_out_reg_4_/D
m00/data_out_reg_5_/D
m00/data_out_reg_6_/D
m00/data_out_reg_7_/D
m00/wt_path_out_reg_0_/D
m00/wt_path_out_reg_1_/D
m00/wt_path_out_reg_2_/D
m00/wt_path_out_reg_3_/D
m00/wt_path_out_reg_4_/D
m00/wt_path_out_reg_5_/D
m00/wt_path_out_reg_6_/D
m00/wt_path_out_reg_7_/D
m01/acc_out_reg_0_/D
m01/acc_out_reg_1_/D
m01/acc_out_reg_2_/D
m01/acc_out_reg_3_/D
m01/acc_out_reg_4_/D
m01/acc_out_reg_5_/D
m01/acc_out_reg_6_/D
m01/acc_out_reg_7_/D
m01/acc_out_reg_8_/D
m01/acc_out_reg_9_/D
m01/acc_out_reg_10_/D
m01/acc_out_reg_11_/D
m01/acc_out_reg_12_/D
m01/acc_out_reg_13_/D
m01/acc_out_reg_14_/D
m01/acc_out_reg_15_/D
m01/acc_out_reg_16_/D
m01/data_out_reg_0_/D
m01/data_out_reg_1_/D
m01/data_out_reg_2_/D
m01/data_out_reg_3_/D
m01/data_out_reg_4_/D
m01/data_out_reg_5_/D
m01/data_out_reg_6_/D
m01/data_out_reg_7_/D
m01/wt_path_out_reg_0_/D
m01/wt_path_out_reg_1_/D
m01/wt_path_out_reg_2_/D
m01/wt_path_out_reg_3_/D
m01/wt_path_out_reg_4_/D
m01/wt_path_out_reg_5_/D
m01/wt_path_out_reg_6_/D
m01/wt_path_out_reg_7_/D
m02/acc_out_reg_0_/D
m02/acc_out_reg_1_/D
m02/acc_out_reg_2_/D
m02/acc_out_reg_3_/D
m02/acc_out_reg_4_/D
m02/acc_out_reg_5_/D
m02/acc_out_reg_6_/D
m02/acc_out_reg_7_/D
m02/acc_out_reg_8_/D
m02/acc_out_reg_9_/D
m02/acc_out_reg_10_/D
m02/acc_out_reg_11_/D
m02/acc_out_reg_12_/D
m02/acc_out_reg_13_/D
m02/acc_out_reg_14_/D
m02/acc_out_reg_15_/D
m02/acc_out_reg_16_/D
m02/acc_out_reg_17_/D
m02/data_out_reg_0_/D
m02/data_out_reg_1_/D
m02/data_out_reg_2_/D
m02/data_out_reg_3_/D
m02/data_out_reg_4_/D
m02/data_out_reg_5_/D
m02/data_out_reg_6_/D
m02/data_out_reg_7_/D
m02/wt_path_out_reg_0_/D
m02/wt_path_out_reg_1_/D
m02/wt_path_out_reg_2_/D
m02/wt_path_out_reg_3_/D
m02/wt_path_out_reg_4_/D
m02/wt_path_out_reg_5_/D
m02/wt_path_out_reg_6_/D
m02/wt_path_out_reg_7_/D
m03/acc_out_reg_0_/D
m03/acc_out_reg_1_/D
m03/acc_out_reg_2_/D
m03/acc_out_reg_3_/D
m03/acc_out_reg_4_/D
m03/acc_out_reg_5_/D
m03/acc_out_reg_6_/D
m03/acc_out_reg_7_/D
m03/acc_out_reg_8_/D
m03/acc_out_reg_9_/D
m03/acc_out_reg_10_/D
m03/acc_out_reg_11_/D
m03/acc_out_reg_12_/D
m03/acc_out_reg_13_/D
m03/acc_out_reg_14_/D
m03/acc_out_reg_15_/D
m03/acc_out_reg_16_/D
m03/acc_out_reg_17_/D
m03/acc_out_reg_18_/D
m03/data_out_reg_0_/D
m03/data_out_reg_1_/D
m03/data_out_reg_2_/D
m03/data_out_reg_3_/D
m03/data_out_reg_4_/D
m03/data_out_reg_5_/D
m03/data_out_reg_6_/D
m03/data_out_reg_7_/D
m10/acc_out_reg_0_/D
m10/acc_out_reg_1_/D
m10/acc_out_reg_2_/D
m10/acc_out_reg_3_/D
m10/acc_out_reg_4_/D
m10/acc_out_reg_5_/D
m10/acc_out_reg_6_/D
m10/acc_out_reg_7_/D
m10/acc_out_reg_8_/D
m10/acc_out_reg_9_/D
m10/acc_out_reg_10_/D
m10/acc_out_reg_11_/D
m10/acc_out_reg_12_/D
m10/acc_out_reg_13_/D
m10/acc_out_reg_14_/D
m10/acc_out_reg_15_/D
m10/data_out_reg_0_/D
m10/data_out_reg_1_/D
m10/data_out_reg_2_/D
m10/data_out_reg_3_/D
m10/data_out_reg_4_/D
m10/data_out_reg_5_/D
m10/data_out_reg_6_/D
m10/data_out_reg_7_/D
m10/wt_path_out_reg_0_/D
m10/wt_path_out_reg_1_/D
m10/wt_path_out_reg_2_/D
m10/wt_path_out_reg_3_/D
m10/wt_path_out_reg_4_/D
m10/wt_path_out_reg_5_/D
m10/wt_path_out_reg_6_/D
m10/wt_path_out_reg_7_/D
m11/acc_out_reg_0_/D
m11/acc_out_reg_1_/D
m11/acc_out_reg_2_/D
m11/acc_out_reg_3_/D
m11/acc_out_reg_4_/D
m11/acc_out_reg_5_/D
m11/acc_out_reg_6_/D
m11/acc_out_reg_7_/D
m11/acc_out_reg_8_/D
m11/acc_out_reg_9_/D
m11/acc_out_reg_10_/D
m11/acc_out_reg_11_/D
m11/acc_out_reg_12_/D
m11/acc_out_reg_13_/D
m11/acc_out_reg_14_/D
m11/acc_out_reg_15_/D
m11/acc_out_reg_16_/D
m11/data_out_reg_0_/D
m11/data_out_reg_1_/D
m11/data_out_reg_2_/D
m11/data_out_reg_3_/D
m11/data_out_reg_4_/D
m11/data_out_reg_5_/D
m11/data_out_reg_6_/D
m11/data_out_reg_7_/D
m11/wt_path_out_reg_0_/D
m11/wt_path_out_reg_1_/D
m11/wt_path_out_reg_2_/D
m11/wt_path_out_reg_3_/D
m11/wt_path_out_reg_4_/D
m11/wt_path_out_reg_5_/D
m11/wt_path_out_reg_6_/D
m11/wt_path_out_reg_7_/D
m12/acc_out_reg_0_/D
m12/acc_out_reg_1_/D
m12/acc_out_reg_2_/D
m12/acc_out_reg_3_/D
m12/acc_out_reg_4_/D
m12/acc_out_reg_5_/D
m12/acc_out_reg_6_/D
m12/acc_out_reg_7_/D
m12/acc_out_reg_8_/D
m12/acc_out_reg_9_/D
m12/acc_out_reg_10_/D
m12/acc_out_reg_11_/D
m12/acc_out_reg_12_/D
m12/acc_out_reg_13_/D
m12/acc_out_reg_14_/D
m12/acc_out_reg_15_/D
m12/acc_out_reg_16_/D
m12/acc_out_reg_17_/D
m12/data_out_reg_0_/D
m12/data_out_reg_1_/D
m12/data_out_reg_2_/D
m12/data_out_reg_3_/D
m12/data_out_reg_4_/D
m12/data_out_reg_5_/D
m12/data_out_reg_6_/D
m12/data_out_reg_7_/D
m12/wt_path_out_reg_0_/D
m12/wt_path_out_reg_1_/D
m12/wt_path_out_reg_2_/D
m12/wt_path_out_reg_3_/D
m12/wt_path_out_reg_4_/D
m12/wt_path_out_reg_5_/D
m12/wt_path_out_reg_6_/D
m12/wt_path_out_reg_7_/D
m13/acc_out_reg_0_/D
m13/acc_out_reg_1_/D
m13/acc_out_reg_2_/D
m13/acc_out_reg_3_/D
m13/acc_out_reg_4_/D
m13/acc_out_reg_5_/D
m13/acc_out_reg_6_/D
m13/acc_out_reg_7_/D
m13/acc_out_reg_8_/D
m13/acc_out_reg_9_/D
m13/acc_out_reg_10_/D
m13/acc_out_reg_11_/D
m13/acc_out_reg_12_/D
m13/acc_out_reg_13_/D
m13/acc_out_reg_14_/D
m13/acc_out_reg_15_/D
m13/acc_out_reg_16_/D
m13/acc_out_reg_17_/D
m13/acc_out_reg_18_/D
m13/data_out_reg_0_/D
m13/data_out_reg_1_/D
m13/data_out_reg_2_/D
m13/data_out_reg_3_/D
m13/data_out_reg_4_/D
m13/data_out_reg_5_/D
m13/data_out_reg_6_/D
m13/data_out_reg_7_/D
m20/acc_out_reg_0_/D
m20/acc_out_reg_1_/D
m20/acc_out_reg_2_/D
m20/acc_out_reg_3_/D
m20/acc_out_reg_4_/D
m20/acc_out_reg_5_/D
m20/acc_out_reg_6_/D
m20/acc_out_reg_7_/D
m20/acc_out_reg_8_/D
m20/acc_out_reg_9_/D
m20/acc_out_reg_10_/D
m20/acc_out_reg_11_/D
m20/acc_out_reg_12_/D
m20/acc_out_reg_13_/D
m20/acc_out_reg_14_/D
m20/acc_out_reg_15_/D
m20/data_out_reg_0_/D
m20/data_out_reg_1_/D
m20/data_out_reg_2_/D
m20/data_out_reg_3_/D
m20/data_out_reg_4_/D
m20/data_out_reg_5_/D
m20/data_out_reg_6_/D
m20/data_out_reg_7_/D
m20/wt_path_out_reg_0_/D
m20/wt_path_out_reg_1_/D
m20/wt_path_out_reg_2_/D
m20/wt_path_out_reg_3_/D
m20/wt_path_out_reg_4_/D
m20/wt_path_out_reg_5_/D
m20/wt_path_out_reg_6_/D
m20/wt_path_out_reg_7_/D
m21/acc_out_reg_0_/D
m21/acc_out_reg_1_/D
m21/acc_out_reg_2_/D
m21/acc_out_reg_3_/D
m21/acc_out_reg_4_/D
m21/acc_out_reg_5_/D
m21/acc_out_reg_6_/D
m21/acc_out_reg_7_/D
m21/acc_out_reg_8_/D
m21/acc_out_reg_9_/D
m21/acc_out_reg_10_/D
m21/acc_out_reg_11_/D
m21/acc_out_reg_12_/D
m21/acc_out_reg_13_/D
m21/acc_out_reg_14_/D
m21/acc_out_reg_15_/D
m21/acc_out_reg_16_/D
m21/data_out_reg_0_/D
m21/data_out_reg_1_/D
m21/data_out_reg_2_/D
m21/data_out_reg_3_/D
m21/data_out_reg_4_/D
m21/data_out_reg_5_/D
m21/data_out_reg_6_/D
m21/data_out_reg_7_/D
m21/wt_path_out_reg_0_/D
m21/wt_path_out_reg_1_/D
m21/wt_path_out_reg_2_/D
m21/wt_path_out_reg_3_/D
m21/wt_path_out_reg_4_/D
m21/wt_path_out_reg_5_/D
m21/wt_path_out_reg_6_/D
m21/wt_path_out_reg_7_/D
m22/acc_out_reg_0_/D
m22/acc_out_reg_1_/D
m22/acc_out_reg_2_/D
m22/acc_out_reg_3_/D
m22/acc_out_reg_4_/D
m22/acc_out_reg_5_/D
m22/acc_out_reg_6_/D
m22/acc_out_reg_7_/D
m22/acc_out_reg_8_/D
m22/acc_out_reg_9_/D
m22/acc_out_reg_10_/D
m22/acc_out_reg_11_/D
m22/acc_out_reg_12_/D
m22/acc_out_reg_13_/D
m22/acc_out_reg_14_/D
m22/acc_out_reg_15_/D
m22/acc_out_reg_16_/D
m22/acc_out_reg_17_/D
m22/data_out_reg_0_/D
m22/data_out_reg_1_/D
m22/data_out_reg_2_/D
m22/data_out_reg_3_/D
m22/data_out_reg_4_/D
m22/data_out_reg_5_/D
m22/data_out_reg_6_/D
m22/data_out_reg_7_/D
m22/wt_path_out_reg_0_/D
m22/wt_path_out_reg_1_/D
m22/wt_path_out_reg_2_/D
m22/wt_path_out_reg_3_/D
m22/wt_path_out_reg_4_/D
m22/wt_path_out_reg_5_/D
m22/wt_path_out_reg_6_/D
m22/wt_path_out_reg_7_/D
m23/acc_out_reg_0_/D
m23/acc_out_reg_1_/D
m23/acc_out_reg_2_/D
m23/acc_out_reg_3_/D
m23/acc_out_reg_4_/D
m23/acc_out_reg_5_/D
m23/acc_out_reg_6_/D
m23/acc_out_reg_7_/D
m23/acc_out_reg_8_/D
m23/acc_out_reg_9_/D
m23/acc_out_reg_10_/D
m23/acc_out_reg_11_/D
m23/acc_out_reg_12_/D
m23/acc_out_reg_13_/D
m23/acc_out_reg_14_/D
m23/acc_out_reg_15_/D
m23/acc_out_reg_16_/D
m23/acc_out_reg_17_/D
m23/acc_out_reg_18_/D
m23/data_out_reg_0_/D
m23/data_out_reg_1_/D
m23/data_out_reg_2_/D
m23/data_out_reg_3_/D
m23/data_out_reg_4_/D
m23/data_out_reg_5_/D
m23/data_out_reg_6_/D
m23/data_out_reg_7_/D
m30/acc_out_reg_0_/D
m30/acc_out_reg_1_/D
m30/acc_out_reg_2_/D
m30/acc_out_reg_3_/D
m30/acc_out_reg_4_/D
m30/acc_out_reg_5_/D
m30/acc_out_reg_6_/D
m30/acc_out_reg_7_/D
m30/acc_out_reg_8_/D
m30/acc_out_reg_9_/D
m30/acc_out_reg_10_/D
m30/acc_out_reg_11_/D
m30/acc_out_reg_12_/D
m30/acc_out_reg_13_/D
m30/acc_out_reg_14_/D
m30/acc_out_reg_15_/D
m30/wt_path_out_reg_0_/D
m30/wt_path_out_reg_1_/D
m30/wt_path_out_reg_2_/D
m30/wt_path_out_reg_3_/D
m30/wt_path_out_reg_4_/D
m30/wt_path_out_reg_5_/D
m30/wt_path_out_reg_6_/D
m30/wt_path_out_reg_7_/D
m31/acc_out_reg_0_/D
m31/acc_out_reg_1_/D
m31/acc_out_reg_2_/D
m31/acc_out_reg_3_/D
m31/acc_out_reg_4_/D
m31/acc_out_reg_5_/D
m31/acc_out_reg_6_/D
m31/acc_out_reg_7_/D
m31/acc_out_reg_8_/D
m31/acc_out_reg_9_/D
m31/acc_out_reg_10_/D
m31/acc_out_reg_11_/D
m31/acc_out_reg_12_/D
m31/acc_out_reg_13_/D
m31/acc_out_reg_14_/D
m31/acc_out_reg_15_/D
m31/acc_out_reg_16_/D
m31/wt_path_out_reg_0_/D
m31/wt_path_out_reg_1_/D
m31/wt_path_out_reg_2_/D
m31/wt_path_out_reg_3_/D
m31/wt_path_out_reg_4_/D
m31/wt_path_out_reg_5_/D
m31/wt_path_out_reg_6_/D
m31/wt_path_out_reg_7_/D
m32/acc_out_reg_0_/D
m32/acc_out_reg_1_/D
m32/acc_out_reg_2_/D
m32/acc_out_reg_3_/D
m32/acc_out_reg_4_/D
m32/acc_out_reg_5_/D
m32/acc_out_reg_6_/D
m32/acc_out_reg_7_/D
m32/acc_out_reg_8_/D
m32/acc_out_reg_9_/D
m32/acc_out_reg_10_/D
m32/acc_out_reg_11_/D
m32/acc_out_reg_12_/D
m32/acc_out_reg_13_/D
m32/acc_out_reg_14_/D
m32/acc_out_reg_15_/D
m32/acc_out_reg_16_/D
m32/acc_out_reg_17_/D
m32/wt_path_out_reg_0_/D
m32/wt_path_out_reg_1_/D
m32/wt_path_out_reg_2_/D
m32/wt_path_out_reg_3_/D
m32/wt_path_out_reg_4_/D
m32/wt_path_out_reg_5_/D
m32/wt_path_out_reg_6_/D
m32/wt_path_out_reg_7_/D
m33/acc_out_reg_0_/D
m33/acc_out_reg_1_/D
m33/acc_out_reg_2_/D
m33/acc_out_reg_3_/D
m33/acc_out_reg_4_/D
m33/acc_out_reg_5_/D
m33/acc_out_reg_6_/D
m33/acc_out_reg_7_/D
m33/acc_out_reg_8_/D
m33/acc_out_reg_9_/D
m33/acc_out_reg_10_/D
m33/acc_out_reg_11_/D
m33/acc_out_reg_12_/D
m33/acc_out_reg_13_/D
m33/acc_out_reg_14_/D
m33/acc_out_reg_15_/D
m33/acc_out_reg_16_/D
m33/acc_out_reg_17_/D
m33/acc_out_reg_18_/D

Information: Checking pulse_clock_cell_type...

Information: Checking no_driving_cell...

Information: Checking partial_input_delay...
1
