 
****************************************
check_design summary:
Version:     Q-2019.12-SP3
Date:        Sat Jun  7 10:02:24 2025
****************************************

                   Name                                            Total
--------------------------------------------------------------------------------
Inputs/Outputs                                                    208
    Unconnected ports (LINT-28)                                   208

Cells                                                             132
    Connected to power or ground (LINT-32)                        128
    Nets connected to multiple pins on same cell (LINT-33)          4

Nets                                                               64
    Unloaded nets (LINT-2)                                         64
--------------------------------------------------------------------------------

Warning: In design 'MMU', net 'data_out[0]' driven by pin 'm33/data_out[0]' has no loads. (LINT-2)
Warning: In design 'MMU', net 'data_out[1]' driven by pin 'm33/data_out[1]' has no loads. (LINT-2)
Warning: In design 'MMU', net 'data_out[2]' driven by pin 'm33/data_out[2]' has no loads. (LINT-2)
Warning: In design 'MMU', net 'data_out[3]' driven by pin 'm33/data_out[3]' has no loads. (LINT-2)
Warning: In design 'MMU', net 'data_out[4]' driven by pin 'm33/data_out[4]' has no loads. (LINT-2)
Warning: In design 'MMU', net 'data_out[5]' driven by pin 'm33/data_out[5]' has no loads. (LINT-2)
Warning: In design 'MMU', net 'data_out[6]' driven by pin 'm33/data_out[6]' has no loads. (LINT-2)
Warning: In design 'MMU', net 'data_out[7]' driven by pin 'm33/data_out[7]' has no loads. (LINT-2)
Warning: In design 'MMU', net 'data_out[8]' driven by pin 'm32/data_out[0]' has no loads. (LINT-2)
Warning: In design 'MMU', net 'data_out[9]' driven by pin 'm32/data_out[1]' has no loads. (LINT-2)
Warning: In design 'MMU', net 'data_out[10]' driven by pin 'm32/data_out[2]' has no loads. (LINT-2)
Warning: In design 'MMU', net 'data_out[11]' driven by pin 'm32/data_out[3]' has no loads. (LINT-2)
Warning: In design 'MMU', net 'data_out[12]' driven by pin 'm32/data_out[4]' has no loads. (LINT-2)
Warning: In design 'MMU', net 'data_out[13]' driven by pin 'm32/data_out[5]' has no loads. (LINT-2)
Warning: In design 'MMU', net 'data_out[14]' driven by pin 'm32/data_out[6]' has no loads. (LINT-2)
Warning: In design 'MMU', net 'data_out[15]' driven by pin 'm32/data_out[7]' has no loads. (LINT-2)
Warning: In design 'MMU', net 'data_out[16]' driven by pin 'm31/data_out[0]' has no loads. (LINT-2)
Warning: In design 'MMU', net 'data_out[17]' driven by pin 'm31/data_out[1]' has no loads. (LINT-2)
Warning: In design 'MMU', net 'data_out[18]' driven by pin 'm31/data_out[2]' has no loads. (LINT-2)
Warning: In design 'MMU', net 'data_out[19]' driven by pin 'm31/data_out[3]' has no loads. (LINT-2)
Warning: In design 'MMU', net 'data_out[20]' driven by pin 'm31/data_out[4]' has no loads. (LINT-2)
Warning: In design 'MMU', net 'data_out[21]' driven by pin 'm31/data_out[5]' has no loads. (LINT-2)
Warning: In design 'MMU', net 'data_out[22]' driven by pin 'm31/data_out[6]' has no loads. (LINT-2)
Warning: In design 'MMU', net 'data_out[23]' driven by pin 'm31/data_out[7]' has no loads. (LINT-2)
Warning: In design 'MMU', net 'data_out[24]' driven by pin 'm30/data_out[0]' has no loads. (LINT-2)
Warning: In design 'MMU', net 'data_out[25]' driven by pin 'm30/data_out[1]' has no loads. (LINT-2)
Warning: In design 'MMU', net 'data_out[26]' driven by pin 'm30/data_out[2]' has no loads. (LINT-2)
Warning: In design 'MMU', net 'data_out[27]' driven by pin 'm30/data_out[3]' has no loads. (LINT-2)
Warning: In design 'MMU', net 'data_out[28]' driven by pin 'm30/data_out[4]' has no loads. (LINT-2)
Warning: In design 'MMU', net 'data_out[29]' driven by pin 'm30/data_out[5]' has no loads. (LINT-2)
Warning: In design 'MMU', net 'data_out[30]' driven by pin 'm30/data_out[6]' has no loads. (LINT-2)
Warning: In design 'MMU', net 'data_out[31]' driven by pin 'm30/data_out[7]' has no loads. (LINT-2)
Warning: In design 'MMU', net 'wt_out[0]' driven by pin 'm33/wt_path_out[0]' has no loads. (LINT-2)
Warning: In design 'MMU', net 'wt_out[1]' driven by pin 'm33/wt_path_out[1]' has no loads. (LINT-2)
Warning: In design 'MMU', net 'wt_out[2]' driven by pin 'm33/wt_path_out[2]' has no loads. (LINT-2)
Warning: In design 'MMU', net 'wt_out[3]' driven by pin 'm33/wt_path_out[3]' has no loads. (LINT-2)
Warning: In design 'MMU', net 'wt_out[4]' driven by pin 'm33/wt_path_out[4]' has no loads. (LINT-2)
Warning: In design 'MMU', net 'wt_out[5]' driven by pin 'm33/wt_path_out[5]' has no loads. (LINT-2)
Warning: In design 'MMU', net 'wt_out[6]' driven by pin 'm33/wt_path_out[6]' has no loads. (LINT-2)
Warning: In design 'MMU', net 'wt_out[7]' driven by pin 'm33/wt_path_out[7]' has no loads. (LINT-2)
Warning: In design 'MMU', net 'wt_out[32]' driven by pin 'm23/wt_path_out[0]' has no loads. (LINT-2)
Warning: In design 'MMU', net 'wt_out[33]' driven by pin 'm23/wt_path_out[1]' has no loads. (LINT-2)
Warning: In design 'MMU', net 'wt_out[34]' driven by pin 'm23/wt_path_out[2]' has no loads. (LINT-2)
Warning: In design 'MMU', net 'wt_out[35]' driven by pin 'm23/wt_path_out[3]' has no loads. (LINT-2)
Warning: In design 'MMU', net 'wt_out[36]' driven by pin 'm23/wt_path_out[4]' has no loads. (LINT-2)
Warning: In design 'MMU', net 'wt_out[37]' driven by pin 'm23/wt_path_out[5]' has no loads. (LINT-2)
Warning: In design 'MMU', net 'wt_out[38]' driven by pin 'm23/wt_path_out[6]' has no loads. (LINT-2)
Warning: In design 'MMU', net 'wt_out[39]' driven by pin 'm23/wt_path_out[7]' has no loads. (LINT-2)
Warning: In design 'MMU', net 'wt_out[64]' driven by pin 'm13/wt_path_out[0]' has no loads. (LINT-2)
Warning: In design 'MMU', net 'wt_out[65]' driven by pin 'm13/wt_path_out[1]' has no loads. (LINT-2)
Warning: In design 'MMU', net 'wt_out[66]' driven by pin 'm13/wt_path_out[2]' has no loads. (LINT-2)
Warning: In design 'MMU', net 'wt_out[67]' driven by pin 'm13/wt_path_out[3]' has no loads. (LINT-2)
Warning: In design 'MMU', net 'wt_out[68]' driven by pin 'm13/wt_path_out[4]' has no loads. (LINT-2)
Warning: In design 'MMU', net 'wt_out[69]' driven by pin 'm13/wt_path_out[5]' has no loads. (LINT-2)
Warning: In design 'MMU', net 'wt_out[70]' driven by pin 'm13/wt_path_out[6]' has no loads. (LINT-2)
Warning: In design 'MMU', net 'wt_out[71]' driven by pin 'm13/wt_path_out[7]' has no loads. (LINT-2)
Warning: In design 'MMU', net 'wt_out[96]' driven by pin 'm03/wt_path_out[0]' has no loads. (LINT-2)
Warning: In design 'MMU', net 'wt_out[97]' driven by pin 'm03/wt_path_out[1]' has no loads. (LINT-2)
Warning: In design 'MMU', net 'wt_out[98]' driven by pin 'm03/wt_path_out[2]' has no loads. (LINT-2)
Warning: In design 'MMU', net 'wt_out[99]' driven by pin 'm03/wt_path_out[3]' has no loads. (LINT-2)
Warning: In design 'MMU', net 'wt_out[100]' driven by pin 'm03/wt_path_out[4]' has no loads. (LINT-2)
Warning: In design 'MMU', net 'wt_out[101]' driven by pin 'm03/wt_path_out[5]' has no loads. (LINT-2)
Warning: In design 'MMU', net 'wt_out[102]' driven by pin 'm03/wt_path_out[6]' has no loads. (LINT-2)
Warning: In design 'MMU', net 'wt_out[103]' driven by pin 'm03/wt_path_out[7]' has no loads. (LINT-2)
Warning: In design 'MMU', port 'data_arr[127]' is not connected to any nets. (LINT-28)
Warning: In design 'MMU', port 'data_arr[126]' is not connected to any nets. (LINT-28)
Warning: In design 'MMU', port 'data_arr[125]' is not connected to any nets. (LINT-28)
Warning: In design 'MMU', port 'data_arr[124]' is not connected to any nets. (LINT-28)
Warning: In design 'MMU', port 'data_arr[123]' is not connected to any nets. (LINT-28)
Warning: In design 'MMU', port 'data_arr[122]' is not connected to any nets. (LINT-28)
Warning: In design 'MMU', port 'data_arr[121]' is not connected to any nets. (LINT-28)
Warning: In design 'MMU', port 'data_arr[120]' is not connected to any nets. (LINT-28)
Warning: In design 'MMU', port 'data_arr[119]' is not connected to any nets. (LINT-28)
Warning: In design 'MMU', port 'data_arr[118]' is not connected to any nets. (LINT-28)
Warning: In design 'MMU', port 'data_arr[117]' is not connected to any nets. (LINT-28)
Warning: In design 'MMU', port 'data_arr[116]' is not connected to any nets. (LINT-28)
Warning: In design 'MMU', port 'data_arr[115]' is not connected to any nets. (LINT-28)
Warning: In design 'MMU', port 'data_arr[114]' is not connected to any nets. (LINT-28)
Warning: In design 'MMU', port 'data_arr[113]' is not connected to any nets. (LINT-28)
Warning: In design 'MMU', port 'data_arr[112]' is not connected to any nets. (LINT-28)
Warning: In design 'MMU', port 'data_arr[111]' is not connected to any nets. (LINT-28)
Warning: In design 'MMU', port 'data_arr[110]' is not connected to any nets. (LINT-28)
Warning: In design 'MMU', port 'data_arr[109]' is not connected to any nets. (LINT-28)
Warning: In design 'MMU', port 'data_arr[108]' is not connected to any nets. (LINT-28)
Warning: In design 'MMU', port 'data_arr[107]' is not connected to any nets. (LINT-28)
Warning: In design 'MMU', port 'data_arr[106]' is not connected to any nets. (LINT-28)
Warning: In design 'MMU', port 'data_arr[105]' is not connected to any nets. (LINT-28)
Warning: In design 'MMU', port 'data_arr[104]' is not connected to any nets. (LINT-28)
Warning: In design 'MMU', port 'data_arr[103]' is not connected to any nets. (LINT-28)
Warning: In design 'MMU', port 'data_arr[102]' is not connected to any nets. (LINT-28)
Warning: In design 'MMU', port 'data_arr[101]' is not connected to any nets. (LINT-28)
Warning: In design 'MMU', port 'data_arr[100]' is not connected to any nets. (LINT-28)
Warning: In design 'MMU', port 'data_arr[99]' is not connected to any nets. (LINT-28)
Warning: In design 'MMU', port 'data_arr[98]' is not connected to any nets. (LINT-28)
Warning: In design 'MMU', port 'data_arr[97]' is not connected to any nets. (LINT-28)
Warning: In design 'MMU', port 'data_arr[96]' is not connected to any nets. (LINT-28)
Warning: In design 'MMU', port 'data_arr[95]' is not connected to any nets. (LINT-28)
Warning: In design 'MMU', port 'data_arr[94]' is not connected to any nets. (LINT-28)
Warning: In design 'MMU', port 'data_arr[93]' is not connected to any nets. (LINT-28)
Warning: In design 'MMU', port 'data_arr[92]' is not connected to any nets. (LINT-28)
Warning: In design 'MMU', port 'data_arr[91]' is not connected to any nets. (LINT-28)
Warning: In design 'MMU', port 'data_arr[90]' is not connected to any nets. (LINT-28)
Warning: In design 'MMU', port 'data_arr[89]' is not connected to any nets. (LINT-28)
Warning: In design 'MMU', port 'data_arr[88]' is not connected to any nets. (LINT-28)
Warning: In design 'MMU', port 'data_arr[87]' is not connected to any nets. (LINT-28)
Warning: In design 'MMU', port 'data_arr[86]' is not connected to any nets. (LINT-28)
Warning: In design 'MMU', port 'data_arr[85]' is not connected to any nets. (LINT-28)
Warning: In design 'MMU', port 'data_arr[84]' is not connected to any nets. (LINT-28)
Warning: In design 'MMU', port 'data_arr[83]' is not connected to any nets. (LINT-28)
Warning: In design 'MMU', port 'data_arr[82]' is not connected to any nets. (LINT-28)
Warning: In design 'MMU', port 'data_arr[81]' is not connected to any nets. (LINT-28)
Warning: In design 'MMU', port 'data_arr[80]' is not connected to any nets. (LINT-28)
Warning: In design 'MMU', port 'data_arr[79]' is not connected to any nets. (LINT-28)
Warning: In design 'MMU', port 'data_arr[78]' is not connected to any nets. (LINT-28)
Warning: In design 'MMU', port 'data_arr[77]' is not connected to any nets. (LINT-28)
Warning: In design 'MMU', port 'data_arr[76]' is not connected to any nets. (LINT-28)
Warning: In design 'MMU', port 'data_arr[75]' is not connected to any nets. (LINT-28)
Warning: In design 'MMU', port 'data_arr[74]' is not connected to any nets. (LINT-28)
Warning: In design 'MMU', port 'data_arr[73]' is not connected to any nets. (LINT-28)
Warning: In design 'MMU', port 'data_arr[72]' is not connected to any nets. (LINT-28)
Warning: In design 'MMU', port 'data_arr[71]' is not connected to any nets. (LINT-28)
Warning: In design 'MMU', port 'data_arr[70]' is not connected to any nets. (LINT-28)
Warning: In design 'MMU', port 'data_arr[69]' is not connected to any nets. (LINT-28)
Warning: In design 'MMU', port 'data_arr[68]' is not connected to any nets. (LINT-28)
Warning: In design 'MMU', port 'data_arr[67]' is not connected to any nets. (LINT-28)
Warning: In design 'MMU', port 'data_arr[66]' is not connected to any nets. (LINT-28)
Warning: In design 'MMU', port 'data_arr[65]' is not connected to any nets. (LINT-28)
Warning: In design 'MMU', port 'data_arr[64]' is not connected to any nets. (LINT-28)
Warning: In design 'MMU', port 'data_arr[63]' is not connected to any nets. (LINT-28)
Warning: In design 'MMU', port 'data_arr[62]' is not connected to any nets. (LINT-28)
Warning: In design 'MMU', port 'data_arr[61]' is not connected to any nets. (LINT-28)
Warning: In design 'MMU', port 'data_arr[60]' is not connected to any nets. (LINT-28)
Warning: In design 'MMU', port 'data_arr[59]' is not connected to any nets. (LINT-28)
Warning: In design 'MMU', port 'data_arr[58]' is not connected to any nets. (LINT-28)
Warning: In design 'MMU', port 'data_arr[57]' is not connected to any nets. (LINT-28)
Warning: In design 'MMU', port 'data_arr[56]' is not connected to any nets. (LINT-28)
Warning: In design 'MMU', port 'data_arr[55]' is not connected to any nets. (LINT-28)
Warning: In design 'MMU', port 'data_arr[54]' is not connected to any nets. (LINT-28)
Warning: In design 'MMU', port 'data_arr[53]' is not connected to any nets. (LINT-28)
Warning: In design 'MMU', port 'data_arr[52]' is not connected to any nets. (LINT-28)
Warning: In design 'MMU', port 'data_arr[51]' is not connected to any nets. (LINT-28)
Warning: In design 'MMU', port 'data_arr[50]' is not connected to any nets. (LINT-28)
Warning: In design 'MMU', port 'data_arr[49]' is not connected to any nets. (LINT-28)
Warning: In design 'MMU', port 'data_arr[48]' is not connected to any nets. (LINT-28)
Warning: In design 'MMU', port 'data_arr[47]' is not connected to any nets. (LINT-28)
Warning: In design 'MMU', port 'data_arr[46]' is not connected to any nets. (LINT-28)
Warning: In design 'MMU', port 'data_arr[45]' is not connected to any nets. (LINT-28)
Warning: In design 'MMU', port 'data_arr[44]' is not connected to any nets. (LINT-28)
Warning: In design 'MMU', port 'data_arr[43]' is not connected to any nets. (LINT-28)
Warning: In design 'MMU', port 'data_arr[42]' is not connected to any nets. (LINT-28)
Warning: In design 'MMU', port 'data_arr[41]' is not connected to any nets. (LINT-28)
Warning: In design 'MMU', port 'data_arr[40]' is not connected to any nets. (LINT-28)
Warning: In design 'MMU', port 'data_arr[39]' is not connected to any nets. (LINT-28)
Warning: In design 'MMU', port 'data_arr[38]' is not connected to any nets. (LINT-28)
Warning: In design 'MMU', port 'data_arr[37]' is not connected to any nets. (LINT-28)
Warning: In design 'MMU', port 'data_arr[36]' is not connected to any nets. (LINT-28)
Warning: In design 'MMU', port 'data_arr[35]' is not connected to any nets. (LINT-28)
Warning: In design 'MMU', port 'data_arr[34]' is not connected to any nets. (LINT-28)
Warning: In design 'MMU', port 'data_arr[33]' is not connected to any nets. (LINT-28)
Warning: In design 'MMU', port 'data_arr[32]' is not connected to any nets. (LINT-28)
Warning: In design 'MMU', port 'wt_arr[127]' is not connected to any nets. (LINT-28)
Warning: In design 'MMU', port 'wt_arr[126]' is not connected to any nets. (LINT-28)
Warning: In design 'MMU', port 'wt_arr[125]' is not connected to any nets. (LINT-28)
Warning: In design 'MMU', port 'wt_arr[124]' is not connected to any nets. (LINT-28)
Warning: In design 'MMU', port 'wt_arr[123]' is not connected to any nets. (LINT-28)
Warning: In design 'MMU', port 'wt_arr[122]' is not connected to any nets. (LINT-28)
Warning: In design 'MMU', port 'wt_arr[121]' is not connected to any nets. (LINT-28)
Warning: In design 'MMU', port 'wt_arr[120]' is not connected to any nets. (LINT-28)
Warning: In design 'MMU', port 'wt_arr[119]' is not connected to any nets. (LINT-28)
Warning: In design 'MMU', port 'wt_arr[118]' is not connected to any nets. (LINT-28)
Warning: In design 'MMU', port 'wt_arr[117]' is not connected to any nets. (LINT-28)
Warning: In design 'MMU', port 'wt_arr[116]' is not connected to any nets. (LINT-28)
Warning: In design 'MMU', port 'wt_arr[115]' is not connected to any nets. (LINT-28)
Warning: In design 'MMU', port 'wt_arr[114]' is not connected to any nets. (LINT-28)
Warning: In design 'MMU', port 'wt_arr[113]' is not connected to any nets. (LINT-28)
Warning: In design 'MMU', port 'wt_arr[112]' is not connected to any nets. (LINT-28)
Warning: In design 'MMU', port 'wt_arr[111]' is not connected to any nets. (LINT-28)
Warning: In design 'MMU', port 'wt_arr[110]' is not connected to any nets. (LINT-28)
Warning: In design 'MMU', port 'wt_arr[109]' is not connected to any nets. (LINT-28)
Warning: In design 'MMU', port 'wt_arr[108]' is not connected to any nets. (LINT-28)
Warning: In design 'MMU', port 'wt_arr[107]' is not connected to any nets. (LINT-28)
Warning: In design 'MMU', port 'wt_arr[106]' is not connected to any nets. (LINT-28)
Warning: In design 'MMU', port 'wt_arr[105]' is not connected to any nets. (LINT-28)
Warning: In design 'MMU', port 'wt_arr[104]' is not connected to any nets. (LINT-28)
Warning: In design 'MMU', port 'wt_arr[103]' is not connected to any nets. (LINT-28)
Warning: In design 'MMU', port 'wt_arr[102]' is not connected to any nets. (LINT-28)
Warning: In design 'MMU', port 'wt_arr[101]' is not connected to any nets. (LINT-28)
Warning: In design 'MMU', port 'wt_arr[100]' is not connected to any nets. (LINT-28)
Warning: In design 'MMU', port 'wt_arr[99]' is not connected to any nets. (LINT-28)
Warning: In design 'MMU', port 'wt_arr[98]' is not connected to any nets. (LINT-28)
Warning: In design 'MMU', port 'wt_arr[97]' is not connected to any nets. (LINT-28)
Warning: In design 'MMU', port 'wt_arr[96]' is not connected to any nets. (LINT-28)
Warning: In design 'MMU', port 'wt_arr[95]' is not connected to any nets. (LINT-28)
Warning: In design 'MMU', port 'wt_arr[94]' is not connected to any nets. (LINT-28)
Warning: In design 'MMU', port 'wt_arr[93]' is not connected to any nets. (LINT-28)
Warning: In design 'MMU', port 'wt_arr[92]' is not connected to any nets. (LINT-28)
Warning: In design 'MMU', port 'wt_arr[91]' is not connected to any nets. (LINT-28)
Warning: In design 'MMU', port 'wt_arr[90]' is not connected to any nets. (LINT-28)
Warning: In design 'MMU', port 'wt_arr[89]' is not connected to any nets. (LINT-28)
Warning: In design 'MMU', port 'wt_arr[88]' is not connected to any nets. (LINT-28)
Warning: In design 'MMU', port 'wt_arr[87]' is not connected to any nets. (LINT-28)
Warning: In design 'MMU', port 'wt_arr[86]' is not connected to any nets. (LINT-28)
Warning: In design 'MMU', port 'wt_arr[85]' is not connected to any nets. (LINT-28)
Warning: In design 'MMU', port 'wt_arr[84]' is not connected to any nets. (LINT-28)
Warning: In design 'MMU', port 'wt_arr[83]' is not connected to any nets. (LINT-28)
Warning: In design 'MMU', port 'wt_arr[82]' is not connected to any nets. (LINT-28)
Warning: In design 'MMU', port 'wt_arr[81]' is not connected to any nets. (LINT-28)
Warning: In design 'MMU', port 'wt_arr[80]' is not connected to any nets. (LINT-28)
Warning: In design 'MMU', port 'wt_arr[79]' is not connected to any nets. (LINT-28)
Warning: In design 'MMU', port 'wt_arr[78]' is not connected to any nets. (LINT-28)
Warning: In design 'MMU', port 'wt_arr[77]' is not connected to any nets. (LINT-28)
Warning: In design 'MMU', port 'wt_arr[76]' is not connected to any nets. (LINT-28)
Warning: In design 'MMU', port 'wt_arr[75]' is not connected to any nets. (LINT-28)
Warning: In design 'MMU', port 'wt_arr[74]' is not connected to any nets. (LINT-28)
Warning: In design 'MMU', port 'wt_arr[73]' is not connected to any nets. (LINT-28)
Warning: In design 'MMU', port 'wt_arr[72]' is not connected to any nets. (LINT-28)
Warning: In design 'MMU', port 'wt_arr[71]' is not connected to any nets. (LINT-28)
Warning: In design 'MMU', port 'wt_arr[70]' is not connected to any nets. (LINT-28)
Warning: In design 'MMU', port 'wt_arr[69]' is not connected to any nets. (LINT-28)
Warning: In design 'MMU', port 'wt_arr[68]' is not connected to any nets. (LINT-28)
Warning: In design 'MMU', port 'wt_arr[67]' is not connected to any nets. (LINT-28)
Warning: In design 'MMU', port 'wt_arr[66]' is not connected to any nets. (LINT-28)
Warning: In design 'MMU', port 'wt_arr[65]' is not connected to any nets. (LINT-28)
Warning: In design 'MMU', port 'wt_arr[64]' is not connected to any nets. (LINT-28)
Warning: In design 'MMU', port 'wt_arr[63]' is not connected to any nets. (LINT-28)
Warning: In design 'MMU', port 'wt_arr[62]' is not connected to any nets. (LINT-28)
Warning: In design 'MMU', port 'wt_arr[61]' is not connected to any nets. (LINT-28)
Warning: In design 'MMU', port 'wt_arr[60]' is not connected to any nets. (LINT-28)
Warning: In design 'MMU', port 'wt_arr[59]' is not connected to any nets. (LINT-28)
Warning: In design 'MMU', port 'wt_arr[58]' is not connected to any nets. (LINT-28)
Warning: In design 'MMU', port 'wt_arr[57]' is not connected to any nets. (LINT-28)
Warning: In design 'MMU', port 'wt_arr[56]' is not connected to any nets. (LINT-28)
Warning: In design 'MMU', port 'wt_arr[55]' is not connected to any nets. (LINT-28)
Warning: In design 'MMU', port 'wt_arr[54]' is not connected to any nets. (LINT-28)
Warning: In design 'MMU', port 'wt_arr[53]' is not connected to any nets. (LINT-28)
Warning: In design 'MMU', port 'wt_arr[52]' is not connected to any nets. (LINT-28)
Warning: In design 'MMU', port 'wt_arr[51]' is not connected to any nets. (LINT-28)
Warning: In design 'MMU', port 'wt_arr[50]' is not connected to any nets. (LINT-28)
Warning: In design 'MMU', port 'wt_arr[49]' is not connected to any nets. (LINT-28)
Warning: In design 'MMU', port 'wt_arr[48]' is not connected to any nets. (LINT-28)
Warning: In design 'MMU', port 'wt_arr[47]' is not connected to any nets. (LINT-28)
Warning: In design 'MMU', port 'wt_arr[46]' is not connected to any nets. (LINT-28)
Warning: In design 'MMU', port 'wt_arr[45]' is not connected to any nets. (LINT-28)
Warning: In design 'MMU', port 'wt_arr[44]' is not connected to any nets. (LINT-28)
Warning: In design 'MMU', port 'wt_arr[43]' is not connected to any nets. (LINT-28)
Warning: In design 'MMU', port 'wt_arr[42]' is not connected to any nets. (LINT-28)
Warning: In design 'MMU', port 'wt_arr[41]' is not connected to any nets. (LINT-28)
Warning: In design 'MMU', port 'wt_arr[40]' is not connected to any nets. (LINT-28)
Warning: In design 'MMU', port 'wt_arr[39]' is not connected to any nets. (LINT-28)
Warning: In design 'MMU', port 'wt_arr[38]' is not connected to any nets. (LINT-28)
Warning: In design 'MMU', port 'wt_arr[37]' is not connected to any nets. (LINT-28)
Warning: In design 'MMU', port 'wt_arr[36]' is not connected to any nets. (LINT-28)
Warning: In design 'MMU', port 'wt_arr[35]' is not connected to any nets. (LINT-28)
Warning: In design 'MMU', port 'wt_arr[34]' is not connected to any nets. (LINT-28)
Warning: In design 'MMU', port 'wt_arr[33]' is not connected to any nets. (LINT-28)
Warning: In design 'MMU', port 'wt_arr[32]' is not connected to any nets. (LINT-28)
Warning: In design 'MAC_bit_width8_acc_width32_15', port 'control' is not connected to any nets. (LINT-28)
Warning: In design 'MAC_bit_width8_acc_width32_0', port 'control' is not connected to any nets. (LINT-28)
Warning: In design 'MAC_bit_width8_acc_width32_1', port 'control' is not connected to any nets. (LINT-28)
Warning: In design 'MAC_bit_width8_acc_width32_2', port 'control' is not connected to any nets. (LINT-28)
Warning: In design 'MAC_bit_width8_acc_width32_3', port 'control' is not connected to any nets. (LINT-28)
Warning: In design 'MAC_bit_width8_acc_width32_4', port 'control' is not connected to any nets. (LINT-28)
Warning: In design 'MAC_bit_width8_acc_width32_5', port 'control' is not connected to any nets. (LINT-28)
Warning: In design 'MAC_bit_width8_acc_width32_6', port 'control' is not connected to any nets. (LINT-28)
Warning: In design 'MAC_bit_width8_acc_width32_7', port 'control' is not connected to any nets. (LINT-28)
Warning: In design 'MAC_bit_width8_acc_width32_8', port 'control' is not connected to any nets. (LINT-28)
Warning: In design 'MAC_bit_width8_acc_width32_9', port 'control' is not connected to any nets. (LINT-28)
Warning: In design 'MAC_bit_width8_acc_width32_10', port 'control' is not connected to any nets. (LINT-28)
Warning: In design 'MAC_bit_width8_acc_width32_11', port 'control' is not connected to any nets. (LINT-28)
Warning: In design 'MAC_bit_width8_acc_width32_12', port 'control' is not connected to any nets. (LINT-28)
Warning: In design 'MAC_bit_width8_acc_width32_13', port 'control' is not connected to any nets. (LINT-28)
Warning: In design 'MAC_bit_width8_acc_width32_14', port 'control' is not connected to any nets. (LINT-28)
Warning: In design 'MMU', a pin on submodule 'm00' is connected to logic 1 or logic 0. (LINT-32)
   Pin 'acc_in[31]' is connected to logic 0. 
Warning: In design 'MMU', a pin on submodule 'm00' is connected to logic 1 or logic 0. (LINT-32)
   Pin 'acc_in[30]' is connected to logic 0. 
Warning: In design 'MMU', a pin on submodule 'm00' is connected to logic 1 or logic 0. (LINT-32)
   Pin 'acc_in[29]' is connected to logic 0. 
Warning: In design 'MMU', a pin on submodule 'm00' is connected to logic 1 or logic 0. (LINT-32)
   Pin 'acc_in[28]' is connected to logic 0. 
Warning: In design 'MMU', a pin on submodule 'm00' is connected to logic 1 or logic 0. (LINT-32)
   Pin 'acc_in[27]' is connected to logic 0. 
Warning: In design 'MMU', a pin on submodule 'm00' is connected to logic 1 or logic 0. (LINT-32)
   Pin 'acc_in[26]' is connected to logic 0. 
Warning: In design 'MMU', a pin on submodule 'm00' is connected to logic 1 or logic 0. (LINT-32)
   Pin 'acc_in[25]' is connected to logic 0. 
Warning: In design 'MMU', a pin on submodule 'm00' is connected to logic 1 or logic 0. (LINT-32)
   Pin 'acc_in[24]' is connected to logic 0. 
Warning: In design 'MMU', a pin on submodule 'm00' is connected to logic 1 or logic 0. (LINT-32)
   Pin 'acc_in[23]' is connected to logic 0. 
Warning: In design 'MMU', a pin on submodule 'm00' is connected to logic 1 or logic 0. (LINT-32)
   Pin 'acc_in[22]' is connected to logic 0. 
Warning: In design 'MMU', a pin on submodule 'm00' is connected to logic 1 or logic 0. (LINT-32)
   Pin 'acc_in[21]' is connected to logic 0. 
Warning: In design 'MMU', a pin on submodule 'm00' is connected to logic 1 or logic 0. (LINT-32)
   Pin 'acc_in[20]' is connected to logic 0. 
Warning: In design 'MMU', a pin on submodule 'm00' is connected to logic 1 or logic 0. (LINT-32)
   Pin 'acc_in[19]' is connected to logic 0. 
Warning: In design 'MMU', a pin on submodule 'm00' is connected to logic 1 or logic 0. (LINT-32)
   Pin 'acc_in[18]' is connected to logic 0. 
Warning: In design 'MMU', a pin on submodule 'm00' is connected to logic 1 or logic 0. (LINT-32)
   Pin 'acc_in[17]' is connected to logic 0. 
Warning: In design 'MMU', a pin on submodule 'm00' is connected to logic 1 or logic 0. (LINT-32)
   Pin 'acc_in[16]' is connected to logic 0. 
Warning: In design 'MMU', a pin on submodule 'm00' is connected to logic 1 or logic 0. (LINT-32)
   Pin 'acc_in[15]' is connected to logic 0. 
Warning: In design 'MMU', a pin on submodule 'm00' is connected to logic 1 or logic 0. (LINT-32)
   Pin 'acc_in[14]' is connected to logic 0. 
Warning: In design 'MMU', a pin on submodule 'm00' is connected to logic 1 or logic 0. (LINT-32)
   Pin 'acc_in[13]' is connected to logic 0. 
Warning: In design 'MMU', a pin on submodule 'm00' is connected to logic 1 or logic 0. (LINT-32)
   Pin 'acc_in[12]' is connected to logic 0. 
Warning: In design 'MMU', a pin on submodule 'm00' is connected to logic 1 or logic 0. (LINT-32)
   Pin 'acc_in[11]' is connected to logic 0. 
Warning: In design 'MMU', a pin on submodule 'm00' is connected to logic 1 or logic 0. (LINT-32)
   Pin 'acc_in[10]' is connected to logic 0. 
Warning: In design 'MMU', a pin on submodule 'm00' is connected to logic 1 or logic 0. (LINT-32)
   Pin 'acc_in[9]' is connected to logic 0. 
Warning: In design 'MMU', a pin on submodule 'm00' is connected to logic 1 or logic 0. (LINT-32)
   Pin 'acc_in[8]' is connected to logic 0. 
Warning: In design 'MMU', a pin on submodule 'm00' is connected to logic 1 or logic 0. (LINT-32)
   Pin 'acc_in[7]' is connected to logic 0. 
Warning: In design 'MMU', a pin on submodule 'm00' is connected to logic 1 or logic 0. (LINT-32)
   Pin 'acc_in[6]' is connected to logic 0. 
Warning: In design 'MMU', a pin on submodule 'm00' is connected to logic 1 or logic 0. (LINT-32)
   Pin 'acc_in[5]' is connected to logic 0. 
Warning: In design 'MMU', a pin on submodule 'm00' is connected to logic 1 or logic 0. (LINT-32)
   Pin 'acc_in[4]' is connected to logic 0. 
Warning: In design 'MMU', a pin on submodule 'm00' is connected to logic 1 or logic 0. (LINT-32)
   Pin 'acc_in[3]' is connected to logic 0. 
Warning: In design 'MMU', a pin on submodule 'm00' is connected to logic 1 or logic 0. (LINT-32)
   Pin 'acc_in[2]' is connected to logic 0. 
Warning: In design 'MMU', a pin on submodule 'm00' is connected to logic 1 or logic 0. (LINT-32)
   Pin 'acc_in[1]' is connected to logic 0. 
Warning: In design 'MMU', a pin on submodule 'm00' is connected to logic 1 or logic 0. (LINT-32)
   Pin 'acc_in[0]' is connected to logic 0. 
Warning: In design 'MMU', a pin on submodule 'm10' is connected to logic 1 or logic 0. (LINT-32)
   Pin 'acc_in[31]' is connected to logic 0. 
Warning: In design 'MMU', a pin on submodule 'm10' is connected to logic 1 or logic 0. (LINT-32)
   Pin 'acc_in[30]' is connected to logic 0. 
Warning: In design 'MMU', a pin on submodule 'm10' is connected to logic 1 or logic 0. (LINT-32)
   Pin 'acc_in[29]' is connected to logic 0. 
Warning: In design 'MMU', a pin on submodule 'm10' is connected to logic 1 or logic 0. (LINT-32)
   Pin 'acc_in[28]' is connected to logic 0. 
Warning: In design 'MMU', a pin on submodule 'm10' is connected to logic 1 or logic 0. (LINT-32)
   Pin 'acc_in[27]' is connected to logic 0. 
Warning: In design 'MMU', a pin on submodule 'm10' is connected to logic 1 or logic 0. (LINT-32)
   Pin 'acc_in[26]' is connected to logic 0. 
Warning: In design 'MMU', a pin on submodule 'm10' is connected to logic 1 or logic 0. (LINT-32)
   Pin 'acc_in[25]' is connected to logic 0. 
Warning: In design 'MMU', a pin on submodule 'm10' is connected to logic 1 or logic 0. (LINT-32)
   Pin 'acc_in[24]' is connected to logic 0. 
Warning: In design 'MMU', a pin on submodule 'm10' is connected to logic 1 or logic 0. (LINT-32)
   Pin 'acc_in[23]' is connected to logic 0. 
Warning: In design 'MMU', a pin on submodule 'm10' is connected to logic 1 or logic 0. (LINT-32)
   Pin 'acc_in[22]' is connected to logic 0. 
Warning: In design 'MMU', a pin on submodule 'm10' is connected to logic 1 or logic 0. (LINT-32)
   Pin 'acc_in[21]' is connected to logic 0. 
Warning: In design 'MMU', a pin on submodule 'm10' is connected to logic 1 or logic 0. (LINT-32)
   Pin 'acc_in[20]' is connected to logic 0. 
Warning: In design 'MMU', a pin on submodule 'm10' is connected to logic 1 or logic 0. (LINT-32)
   Pin 'acc_in[19]' is connected to logic 0. 
Warning: In design 'MMU', a pin on submodule 'm10' is connected to logic 1 or logic 0. (LINT-32)
   Pin 'acc_in[18]' is connected to logic 0. 
Warning: In design 'MMU', a pin on submodule 'm10' is connected to logic 1 or logic 0. (LINT-32)
   Pin 'acc_in[17]' is connected to logic 0. 
Warning: In design 'MMU', a pin on submodule 'm10' is connected to logic 1 or logic 0. (LINT-32)
   Pin 'acc_in[16]' is connected to logic 0. 
Warning: In design 'MMU', a pin on submodule 'm10' is connected to logic 1 or logic 0. (LINT-32)
   Pin 'acc_in[15]' is connected to logic 0. 
Warning: In design 'MMU', a pin on submodule 'm10' is connected to logic 1 or logic 0. (LINT-32)
   Pin 'acc_in[14]' is connected to logic 0. 
Warning: In design 'MMU', a pin on submodule 'm10' is connected to logic 1 or logic 0. (LINT-32)
   Pin 'acc_in[13]' is connected to logic 0. 
Warning: In design 'MMU', a pin on submodule 'm10' is connected to logic 1 or logic 0. (LINT-32)
   Pin 'acc_in[12]' is connected to logic 0. 
Warning: In design 'MMU', a pin on submodule 'm10' is connected to logic 1 or logic 0. (LINT-32)
   Pin 'acc_in[11]' is connected to logic 0. 
Warning: In design 'MMU', a pin on submodule 'm10' is connected to logic 1 or logic 0. (LINT-32)
   Pin 'acc_in[10]' is connected to logic 0. 
Warning: In design 'MMU', a pin on submodule 'm10' is connected to logic 1 or logic 0. (LINT-32)
   Pin 'acc_in[9]' is connected to logic 0. 
Warning: In design 'MMU', a pin on submodule 'm10' is connected to logic 1 or logic 0. (LINT-32)
   Pin 'acc_in[8]' is connected to logic 0. 
Warning: In design 'MMU', a pin on submodule 'm10' is connected to logic 1 or logic 0. (LINT-32)
   Pin 'acc_in[7]' is connected to logic 0. 
Warning: In design 'MMU', a pin on submodule 'm10' is connected to logic 1 or logic 0. (LINT-32)
   Pin 'acc_in[6]' is connected to logic 0. 
Warning: In design 'MMU', a pin on submodule 'm10' is connected to logic 1 or logic 0. (LINT-32)
   Pin 'acc_in[5]' is connected to logic 0. 
Warning: In design 'MMU', a pin on submodule 'm10' is connected to logic 1 or logic 0. (LINT-32)
   Pin 'acc_in[4]' is connected to logic 0. 
Warning: In design 'MMU', a pin on submodule 'm10' is connected to logic 1 or logic 0. (LINT-32)
   Pin 'acc_in[3]' is connected to logic 0. 
Warning: In design 'MMU', a pin on submodule 'm10' is connected to logic 1 or logic 0. (LINT-32)
   Pin 'acc_in[2]' is connected to logic 0. 
Warning: In design 'MMU', a pin on submodule 'm10' is connected to logic 1 or logic 0. (LINT-32)
   Pin 'acc_in[1]' is connected to logic 0. 
Warning: In design 'MMU', a pin on submodule 'm10' is connected to logic 1 or logic 0. (LINT-32)
   Pin 'acc_in[0]' is connected to logic 0. 
Warning: In design 'MMU', a pin on submodule 'm20' is connected to logic 1 or logic 0. (LINT-32)
   Pin 'acc_in[31]' is connected to logic 0. 
Warning: In design 'MMU', a pin on submodule 'm20' is connected to logic 1 or logic 0. (LINT-32)
   Pin 'acc_in[30]' is connected to logic 0. 
Warning: In design 'MMU', a pin on submodule 'm20' is connected to logic 1 or logic 0. (LINT-32)
   Pin 'acc_in[29]' is connected to logic 0. 
Warning: In design 'MMU', a pin on submodule 'm20' is connected to logic 1 or logic 0. (LINT-32)
   Pin 'acc_in[28]' is connected to logic 0. 
Warning: In design 'MMU', a pin on submodule 'm20' is connected to logic 1 or logic 0. (LINT-32)
   Pin 'acc_in[27]' is connected to logic 0. 
Warning: In design 'MMU', a pin on submodule 'm20' is connected to logic 1 or logic 0. (LINT-32)
   Pin 'acc_in[26]' is connected to logic 0. 
Warning: In design 'MMU', a pin on submodule 'm20' is connected to logic 1 or logic 0. (LINT-32)
   Pin 'acc_in[25]' is connected to logic 0. 
Warning: In design 'MMU', a pin on submodule 'm20' is connected to logic 1 or logic 0. (LINT-32)
   Pin 'acc_in[24]' is connected to logic 0. 
Warning: In design 'MMU', a pin on submodule 'm20' is connected to logic 1 or logic 0. (LINT-32)
   Pin 'acc_in[23]' is connected to logic 0. 
Warning: In design 'MMU', a pin on submodule 'm20' is connected to logic 1 or logic 0. (LINT-32)
   Pin 'acc_in[22]' is connected to logic 0. 
Warning: In design 'MMU', a pin on submodule 'm20' is connected to logic 1 or logic 0. (LINT-32)
   Pin 'acc_in[21]' is connected to logic 0. 
Warning: In design 'MMU', a pin on submodule 'm20' is connected to logic 1 or logic 0. (LINT-32)
   Pin 'acc_in[20]' is connected to logic 0. 
Warning: In design 'MMU', a pin on submodule 'm20' is connected to logic 1 or logic 0. (LINT-32)
   Pin 'acc_in[19]' is connected to logic 0. 
Warning: In design 'MMU', a pin on submodule 'm20' is connected to logic 1 or logic 0. (LINT-32)
   Pin 'acc_in[18]' is connected to logic 0. 
Warning: In design 'MMU', a pin on submodule 'm20' is connected to logic 1 or logic 0. (LINT-32)
   Pin 'acc_in[17]' is connected to logic 0. 
Warning: In design 'MMU', a pin on submodule 'm20' is connected to logic 1 or logic 0. (LINT-32)
   Pin 'acc_in[16]' is connected to logic 0. 
Warning: In design 'MMU', a pin on submodule 'm20' is connected to logic 1 or logic 0. (LINT-32)
   Pin 'acc_in[15]' is connected to logic 0. 
Warning: In design 'MMU', a pin on submodule 'm20' is connected to logic 1 or logic 0. (LINT-32)
   Pin 'acc_in[14]' is connected to logic 0. 
Warning: In design 'MMU', a pin on submodule 'm20' is connected to logic 1 or logic 0. (LINT-32)
   Pin 'acc_in[13]' is connected to logic 0. 
Warning: In design 'MMU', a pin on submodule 'm20' is connected to logic 1 or logic 0. (LINT-32)
   Pin 'acc_in[12]' is connected to logic 0. 
Warning: In design 'MMU', a pin on submodule 'm20' is connected to logic 1 or logic 0. (LINT-32)
   Pin 'acc_in[11]' is connected to logic 0. 
Warning: In design 'MMU', a pin on submodule 'm20' is connected to logic 1 or logic 0. (LINT-32)
   Pin 'acc_in[10]' is connected to logic 0. 
Warning: In design 'MMU', a pin on submodule 'm20' is connected to logic 1 or logic 0. (LINT-32)
   Pin 'acc_in[9]' is connected to logic 0. 
Warning: In design 'MMU', a pin on submodule 'm20' is connected to logic 1 or logic 0. (LINT-32)
   Pin 'acc_in[8]' is connected to logic 0. 
Warning: In design 'MMU', a pin on submodule 'm20' is connected to logic 1 or logic 0. (LINT-32)
   Pin 'acc_in[7]' is connected to logic 0. 
Warning: In design 'MMU', a pin on submodule 'm20' is connected to logic 1 or logic 0. (LINT-32)
   Pin 'acc_in[6]' is connected to logic 0. 
Warning: In design 'MMU', a pin on submodule 'm20' is connected to logic 1 or logic 0. (LINT-32)
   Pin 'acc_in[5]' is connected to logic 0. 
Warning: In design 'MMU', a pin on submodule 'm20' is connected to logic 1 or logic 0. (LINT-32)
   Pin 'acc_in[4]' is connected to logic 0. 
Warning: In design 'MMU', a pin on submodule 'm20' is connected to logic 1 or logic 0. (LINT-32)
   Pin 'acc_in[3]' is connected to logic 0. 
Warning: In design 'MMU', a pin on submodule 'm20' is connected to logic 1 or logic 0. (LINT-32)
   Pin 'acc_in[2]' is connected to logic 0. 
Warning: In design 'MMU', a pin on submodule 'm20' is connected to logic 1 or logic 0. (LINT-32)
   Pin 'acc_in[1]' is connected to logic 0. 
Warning: In design 'MMU', a pin on submodule 'm20' is connected to logic 1 or logic 0. (LINT-32)
   Pin 'acc_in[0]' is connected to logic 0. 
Warning: In design 'MMU', a pin on submodule 'm30' is connected to logic 1 or logic 0. (LINT-32)
   Pin 'acc_in[31]' is connected to logic 0. 
Warning: In design 'MMU', a pin on submodule 'm30' is connected to logic 1 or logic 0. (LINT-32)
   Pin 'acc_in[30]' is connected to logic 0. 
Warning: In design 'MMU', a pin on submodule 'm30' is connected to logic 1 or logic 0. (LINT-32)
   Pin 'acc_in[29]' is connected to logic 0. 
Warning: In design 'MMU', a pin on submodule 'm30' is connected to logic 1 or logic 0. (LINT-32)
   Pin 'acc_in[28]' is connected to logic 0. 
Warning: In design 'MMU', a pin on submodule 'm30' is connected to logic 1 or logic 0. (LINT-32)
   Pin 'acc_in[27]' is connected to logic 0. 
Warning: In design 'MMU', a pin on submodule 'm30' is connected to logic 1 or logic 0. (LINT-32)
   Pin 'acc_in[26]' is connected to logic 0. 
Warning: In design 'MMU', a pin on submodule 'm30' is connected to logic 1 or logic 0. (LINT-32)
   Pin 'acc_in[25]' is connected to logic 0. 
Warning: In design 'MMU', a pin on submodule 'm30' is connected to logic 1 or logic 0. (LINT-32)
   Pin 'acc_in[24]' is connected to logic 0. 
Warning: In design 'MMU', a pin on submodule 'm30' is connected to logic 1 or logic 0. (LINT-32)
   Pin 'acc_in[23]' is connected to logic 0. 
Warning: In design 'MMU', a pin on submodule 'm30' is connected to logic 1 or logic 0. (LINT-32)
   Pin 'acc_in[22]' is connected to logic 0. 
Warning: In design 'MMU', a pin on submodule 'm30' is connected to logic 1 or logic 0. (LINT-32)
   Pin 'acc_in[21]' is connected to logic 0. 
Warning: In design 'MMU', a pin on submodule 'm30' is connected to logic 1 or logic 0. (LINT-32)
   Pin 'acc_in[20]' is connected to logic 0. 
Warning: In design 'MMU', a pin on submodule 'm30' is connected to logic 1 or logic 0. (LINT-32)
   Pin 'acc_in[19]' is connected to logic 0. 
Warning: In design 'MMU', a pin on submodule 'm30' is connected to logic 1 or logic 0. (LINT-32)
   Pin 'acc_in[18]' is connected to logic 0. 
Warning: In design 'MMU', a pin on submodule 'm30' is connected to logic 1 or logic 0. (LINT-32)
   Pin 'acc_in[17]' is connected to logic 0. 
Warning: In design 'MMU', a pin on submodule 'm30' is connected to logic 1 or logic 0. (LINT-32)
   Pin 'acc_in[16]' is connected to logic 0. 
Warning: In design 'MMU', a pin on submodule 'm30' is connected to logic 1 or logic 0. (LINT-32)
   Pin 'acc_in[15]' is connected to logic 0. 
Warning: In design 'MMU', a pin on submodule 'm30' is connected to logic 1 or logic 0. (LINT-32)
   Pin 'acc_in[14]' is connected to logic 0. 
Warning: In design 'MMU', a pin on submodule 'm30' is connected to logic 1 or logic 0. (LINT-32)
   Pin 'acc_in[13]' is connected to logic 0. 
Warning: In design 'MMU', a pin on submodule 'm30' is connected to logic 1 or logic 0. (LINT-32)
   Pin 'acc_in[12]' is connected to logic 0. 
Warning: In design 'MMU', a pin on submodule 'm30' is connected to logic 1 or logic 0. (LINT-32)
   Pin 'acc_in[11]' is connected to logic 0. 
Warning: In design 'MMU', a pin on submodule 'm30' is connected to logic 1 or logic 0. (LINT-32)
   Pin 'acc_in[10]' is connected to logic 0. 
Warning: In design 'MMU', a pin on submodule 'm30' is connected to logic 1 or logic 0. (LINT-32)
   Pin 'acc_in[9]' is connected to logic 0. 
Warning: In design 'MMU', a pin on submodule 'm30' is connected to logic 1 or logic 0. (LINT-32)
   Pin 'acc_in[8]' is connected to logic 0. 
Warning: In design 'MMU', a pin on submodule 'm30' is connected to logic 1 or logic 0. (LINT-32)
   Pin 'acc_in[7]' is connected to logic 0. 
Warning: In design 'MMU', a pin on submodule 'm30' is connected to logic 1 or logic 0. (LINT-32)
   Pin 'acc_in[6]' is connected to logic 0. 
Warning: In design 'MMU', a pin on submodule 'm30' is connected to logic 1 or logic 0. (LINT-32)
   Pin 'acc_in[5]' is connected to logic 0. 
Warning: In design 'MMU', a pin on submodule 'm30' is connected to logic 1 or logic 0. (LINT-32)
   Pin 'acc_in[4]' is connected to logic 0. 
Warning: In design 'MMU', a pin on submodule 'm30' is connected to logic 1 or logic 0. (LINT-32)
   Pin 'acc_in[3]' is connected to logic 0. 
Warning: In design 'MMU', a pin on submodule 'm30' is connected to logic 1 or logic 0. (LINT-32)
   Pin 'acc_in[2]' is connected to logic 0. 
Warning: In design 'MMU', a pin on submodule 'm30' is connected to logic 1 or logic 0. (LINT-32)
   Pin 'acc_in[1]' is connected to logic 0. 
Warning: In design 'MMU', a pin on submodule 'm30' is connected to logic 1 or logic 0. (LINT-32)
   Pin 'acc_in[0]' is connected to logic 0. 
Warning: In design 'MMU', the same net is connected to more than one pin on submodule 'm00'. (LINT-33)
   Net 'n_Logic0_' is connected to pins 'acc_in[31]', 'acc_in[30]'', 'acc_in[29]', 'acc_in[28]', 'acc_in[27]', 'acc_in[26]', 'acc_in[25]', 'acc_in[24]', 'acc_in[23]', 'acc_in[22]', 'acc_in[21]', 'acc_in[20]', 'acc_in[19]', 'acc_in[18]', 'acc_in[17]', 'acc_in[16]', 'acc_in[15]', 'acc_in[14]', 'acc_in[13]', 'acc_in[12]', 'acc_in[11]', 'acc_in[10]', 'acc_in[9]', 'acc_in[8]', 'acc_in[7]', 'acc_in[6]', 'acc_in[5]', 'acc_in[4]', 'acc_in[3]', 'acc_in[2]', 'acc_in[1]', 'acc_in[0]'.
Warning: In design 'MMU', the same net is connected to more than one pin on submodule 'm10'. (LINT-33)
   Net 'n_Logic0_' is connected to pins 'acc_in[31]', 'acc_in[30]'', 'acc_in[29]', 'acc_in[28]', 'acc_in[27]', 'acc_in[26]', 'acc_in[25]', 'acc_in[24]', 'acc_in[23]', 'acc_in[22]', 'acc_in[21]', 'acc_in[20]', 'acc_in[19]', 'acc_in[18]', 'acc_in[17]', 'acc_in[16]', 'acc_in[15]', 'acc_in[14]', 'acc_in[13]', 'acc_in[12]', 'acc_in[11]', 'acc_in[10]', 'acc_in[9]', 'acc_in[8]', 'acc_in[7]', 'acc_in[6]', 'acc_in[5]', 'acc_in[4]', 'acc_in[3]', 'acc_in[2]', 'acc_in[1]', 'acc_in[0]'.
Warning: In design 'MMU', the same net is connected to more than one pin on submodule 'm20'. (LINT-33)
   Net 'n_Logic0_' is connected to pins 'acc_in[31]', 'acc_in[30]'', 'acc_in[29]', 'acc_in[28]', 'acc_in[27]', 'acc_in[26]', 'acc_in[25]', 'acc_in[24]', 'acc_in[23]', 'acc_in[22]', 'acc_in[21]', 'acc_in[20]', 'acc_in[19]', 'acc_in[18]', 'acc_in[17]', 'acc_in[16]', 'acc_in[15]', 'acc_in[14]', 'acc_in[13]', 'acc_in[12]', 'acc_in[11]', 'acc_in[10]', 'acc_in[9]', 'acc_in[8]', 'acc_in[7]', 'acc_in[6]', 'acc_in[5]', 'acc_in[4]', 'acc_in[3]', 'acc_in[2]', 'acc_in[1]', 'acc_in[0]'.
Warning: In design 'MMU', the same net is connected to more than one pin on submodule 'm30'. (LINT-33)
   Net 'n_Logic0_' is connected to pins 'acc_in[31]', 'acc_in[30]'', 'acc_in[29]', 'acc_in[28]', 'acc_in[27]', 'acc_in[26]', 'acc_in[25]', 'acc_in[24]', 'acc_in[23]', 'acc_in[22]', 'acc_in[21]', 'acc_in[20]', 'acc_in[19]', 'acc_in[18]', 'acc_in[17]', 'acc_in[16]', 'acc_in[15]', 'acc_in[14]', 'acc_in[13]', 'acc_in[12]', 'acc_in[11]', 'acc_in[10]', 'acc_in[9]', 'acc_in[8]', 'acc_in[7]', 'acc_in[6]', 'acc_in[5]', 'acc_in[4]', 'acc_in[3]', 'acc_in[2]', 'acc_in[1]', 'acc_in[0]'.
1
