
Information: Checking generated_clocks...

Information: Checking loops...

Information: Checking no_input_delay...

Information: Checking unconstrained_endpoints...

Warning: The following end-points are not constrained for maximum delay.

End point
---------------
all_data[0]
all_data[1]
all_data[2]
all_data[3]
all_data[4]
all_data[5]
all_data[6]
all_data[7]
all_data[8]
all_data[9]
all_data[10]
all_data[11]
all_data[12]
all_data[13]
all_data[14]
all_data[15]
all_data[16]
all_data[17]
all_data[18]
all_data[19]
all_data[20]
all_data[21]
all_data[22]
all_data[23]
all_data[24]
all_data[25]
all_data[26]
all_data[27]
all_data[28]
all_data[29]
all_data[30]
all_data[31]
all_data[32]
all_data[33]
all_data[34]
all_data[35]
all_data[36]
all_data[37]
all_data[38]
all_data[39]
all_data[40]
all_data[41]
all_data[42]
all_data[43]
all_data[44]
all_data[45]
all_data[46]
all_data[47]
all_data[48]
all_data[49]
all_data[50]
all_data[51]
all_data[52]
all_data[53]
all_data[54]
all_data[55]
all_data[56]
all_data[57]
all_data[58]
all_data[59]
all_data[60]
all_data[61]
all_data[62]
all_data[63]
all_data[64]
all_data[65]
all_data[66]
all_data[67]
all_data[68]
all_data[69]
all_data[70]
all_data[71]
all_data[72]
all_data[73]
all_data[74]
all_data[75]
all_data[76]
all_data[77]
all_data[78]
all_data[79]
all_data[80]
all_data[81]
all_data[82]
all_data[83]
all_data[84]
all_data[85]
all_data[86]
all_data[87]
all_data[88]
all_data[89]
all_data[90]
all_data[91]
all_data[92]
all_data[93]
all_data[94]
all_data[95]
all_data[96]
all_data[97]
all_data[98]
all_data[99]
all_data[100]
all_data[101]
all_data[102]
all_data[103]
all_data[104]
all_data[105]
all_data[106]
all_data[107]
all_data[108]
all_data[109]
all_data[110]
all_data[111]
all_data[112]
all_data[113]
all_data[114]
all_data[115]
all_data[116]
all_data[117]
all_data[118]
all_data[119]
all_data[120]
all_data[121]
all_data[122]
all_data[123]
all_data[124]
all_data[125]
all_data[126]
all_data[127]
all_data[128]
all_data[129]
all_data[130]
all_data[131]
all_data[132]
all_data[133]
all_data[134]
all_data[135]
all_data[136]
all_data[137]
all_data[138]
all_data[139]
all_data[140]
all_data[141]
all_data[142]
all_data[143]
all_data[144]
all_data[145]
all_data[146]
all_data[147]
all_data[148]
all_data[149]
all_data[150]
all_data[151]
all_data[152]
all_data[153]
all_data[154]
all_data[155]
all_data[156]
all_data[157]
all_data[158]
all_data[159]
reg_file_reg_0__0_/D
reg_file_reg_0__1_/D
reg_file_reg_0__2_/D
reg_file_reg_0__3_/D
reg_file_reg_0__4_/D
reg_file_reg_0__5_/D
reg_file_reg_0__6_/D
reg_file_reg_0__7_/D
reg_file_reg_1__0_/D
reg_file_reg_1__1_/D
reg_file_reg_1__2_/D
reg_file_reg_1__3_/D
reg_file_reg_1__4_/D
reg_file_reg_1__5_/D
reg_file_reg_1__6_/D
reg_file_reg_1__7_/D
reg_file_reg_2__0_/D
reg_file_reg_2__1_/D
reg_file_reg_2__2_/D
reg_file_reg_2__3_/D
reg_file_reg_2__4_/D
reg_file_reg_2__5_/D
reg_file_reg_2__6_/D
reg_file_reg_2__7_/D
reg_file_reg_3__0_/D
reg_file_reg_3__1_/D
reg_file_reg_3__2_/D
reg_file_reg_3__3_/D
reg_file_reg_3__4_/D
reg_file_reg_3__5_/D
reg_file_reg_3__6_/D
reg_file_reg_3__7_/D
reg_file_reg_4__0_/D
reg_file_reg_4__1_/D
reg_file_reg_4__2_/D
reg_file_reg_4__3_/D
reg_file_reg_4__4_/D
reg_file_reg_4__5_/D
reg_file_reg_4__6_/D
reg_file_reg_4__7_/D
reg_file_reg_5__0_/D
reg_file_reg_5__1_/D
reg_file_reg_5__2_/D
reg_file_reg_5__3_/D
reg_file_reg_5__4_/D
reg_file_reg_5__5_/D
reg_file_reg_5__6_/D
reg_file_reg_5__7_/D
reg_file_reg_6__0_/D
reg_file_reg_6__1_/D
reg_file_reg_6__2_/D
reg_file_reg_6__3_/D
reg_file_reg_6__4_/D
reg_file_reg_6__5_/D
reg_file_reg_6__6_/D
reg_file_reg_6__7_/D
reg_file_reg_7__0_/D
reg_file_reg_7__1_/D
reg_file_reg_7__2_/D
reg_file_reg_7__3_/D
reg_file_reg_7__4_/D
reg_file_reg_7__5_/D
reg_file_reg_7__6_/D
reg_file_reg_7__7_/D
reg_file_reg_8__0_/D
reg_file_reg_8__1_/D
reg_file_reg_8__2_/D
reg_file_reg_8__3_/D
reg_file_reg_8__4_/D
reg_file_reg_8__5_/D
reg_file_reg_8__6_/D
reg_file_reg_8__7_/D
reg_file_reg_9__0_/D
reg_file_reg_9__1_/D
reg_file_reg_9__2_/D
reg_file_reg_9__3_/D
reg_file_reg_9__4_/D
reg_file_reg_9__5_/D
reg_file_reg_9__6_/D
reg_file_reg_9__7_/D
reg_file_reg_10__0_/D
reg_file_reg_10__1_/D
reg_file_reg_10__2_/D
reg_file_reg_10__3_/D
reg_file_reg_10__4_/D
reg_file_reg_10__5_/D
reg_file_reg_10__6_/D
reg_file_reg_10__7_/D
reg_file_reg_11__0_/D
reg_file_reg_11__1_/D
reg_file_reg_11__2_/D
reg_file_reg_11__3_/D
reg_file_reg_11__4_/D
reg_file_reg_11__5_/D
reg_file_reg_11__6_/D
reg_file_reg_11__7_/D
reg_file_reg_12__0_/D
reg_file_reg_12__1_/D
reg_file_reg_12__2_/D
reg_file_reg_12__3_/D
reg_file_reg_12__4_/D
reg_file_reg_12__5_/D
reg_file_reg_12__6_/D
reg_file_reg_12__7_/D
reg_file_reg_13__0_/D
reg_file_reg_13__1_/D
reg_file_reg_13__2_/D
reg_file_reg_13__3_/D
reg_file_reg_13__4_/D
reg_file_reg_13__5_/D
reg_file_reg_13__6_/D
reg_file_reg_13__7_/D
reg_file_reg_14__0_/D
reg_file_reg_14__1_/D
reg_file_reg_14__2_/D
reg_file_reg_14__3_/D
reg_file_reg_14__4_/D
reg_file_reg_14__5_/D
reg_file_reg_14__6_/D
reg_file_reg_14__7_/D
reg_file_reg_15__0_/D
reg_file_reg_15__1_/D
reg_file_reg_15__2_/D
reg_file_reg_15__3_/D
reg_file_reg_15__4_/D
reg_file_reg_15__5_/D
reg_file_reg_15__6_/D
reg_file_reg_15__7_/D
reg_file_reg_16__0_/D
reg_file_reg_16__1_/D
reg_file_reg_16__2_/D
reg_file_reg_16__3_/D
reg_file_reg_16__4_/D
reg_file_reg_16__5_/D
reg_file_reg_16__6_/D
reg_file_reg_16__7_/D
reg_file_reg_17__0_/D
reg_file_reg_17__1_/D
reg_file_reg_17__2_/D
reg_file_reg_17__3_/D
reg_file_reg_17__4_/D
reg_file_reg_17__5_/D
reg_file_reg_17__6_/D
reg_file_reg_17__7_/D
reg_file_reg_18__0_/D
reg_file_reg_18__1_/D
reg_file_reg_18__2_/D
reg_file_reg_18__3_/D
reg_file_reg_18__4_/D
reg_file_reg_18__5_/D
reg_file_reg_18__6_/D
reg_file_reg_18__7_/D
reg_file_reg_19__0_/D
reg_file_reg_19__1_/D
reg_file_reg_19__2_/D
reg_file_reg_19__3_/D
reg_file_reg_19__4_/D
reg_file_reg_19__5_/D
reg_file_reg_19__6_/D
reg_file_reg_19__7_/D

Information: Checking pulse_clock_cell_type...

Information: Checking no_driving_cell...

Information: Checking partial_input_delay...
1
